<html>
<body>
<pre>
<h1>µVision Build Log</h1>
<h2>Tool Versions:</h2>
IDE-Version: ¦ÌVision V5.36.0.0
Copyright (C) 2021 ARM Ltd and ARM Germany GmbH. All rights reserved.
License Information: Tomood Tomood, Tomood, LIC=ATTQ1-CK3DV-565Q2-99G5H-BUKX8-U34FT
 
Tool Versions:
Toolchain:       MDK-ARM Plus  Version: 5.36.0.0
Toolchain Path:  D:\KeilMDK\ARM\ARMCLANG\Bin
C Compiler:      ArmClang.exe V6.16
Assembler:       Armasm.exe V6.16
Linker/Locator:  ArmLink.exe V6.16
Library Manager: ArmAr.exe V6.16
Hex Converter:   FromElf.exe V6.16
CPU DLL:         SARMCM3.DLL V5.36.0.0
Dialog DLL:      DARMCM1.DLL V1.19.4.0
Target DLL:      CMSIS_AGDI.dll V1.33.0.0
Dialog DLL:      TARMCM1.DLL V1.14.4.0
 
<h2>Project:</h2>
D:\STM32Prj\IAP_Bootloader_demo v1.0\IAP_Bootloader_demo1.0\MDK-ARM\IAP_Bootloader_demo.uvprojx
Project File Date:  02/25/2024

<h2>Output:</h2>
*** Using Compiler 'V6.16', folder: 'D:\KeilMDK\ARM\ARMCLANG\Bin'
Build target 'IAP_Bootloader_demo'
compiling usart.c...
compiling main.c...
assembling startup_stm32l051xx.s...
linking...
Program Size: Code=13080 RO-data=536 RW-data=16 ZI-data=8168  
FromELF: creating hex file...
After Build - User command #1: D:\KeilMDK\\ARM\ARMCC\bin\fromelf.exe --bin --output=Bin\IAP_Bootloader_demo.bin IAP_Bootloader_demo\IAP_Bootloader_demo.axf
"IAP_Bootloader_demo\IAP_Bootloader_demo.axf" - 0 Error(s), 0 Warning(s).

<h2>Software Packages used:</h2>

Package Vendor: ARM
                http://www.keil.com/pack/ARM.CMSIS.5.8.0.pack
                ARM.CMSIS.5.8.0
                CMSIS (Common Microcontroller Software Interface Standard)
   * Component: CORE Version: 5.5.0

Package Vendor: Keil
                http://www.keil.com/pack/Keil.STM32L0xx_DFP.2.2.0.pack
                Keil.STM32L0xx_DFP.2.2.0
                STMicroelectronics STM32L0 Series Device Support, Drivers and Examples

<h2>Collection of Component include folders:</h2>
  .\RTE\_IAP_Bootloader_demo
  D:\KeilMDK\Pack\ARM\CMSIS\5.8.0\CMSIS\Core\Include
  D:\KeilMDK\Pack\Keil\STM32L0xx_DFP\2.2.0\Drivers\CMSIS\Device\ST\STM32L0xx\Include

<h2>Collection of Component Files used:</h2>

   * Component: ARM::CMSIS:CORE:5.5.0
      Include file:  CMSIS\Core\Include\tz_context.h
Build Time Elapsed:  00:00:01
</pre>
</body>
</html>
