Component: ARM Compiler 6.16 Tool: armlink [5dfeaa00]

==============================================================================

Section Cross References

    startup_stm32l051xx.o(RESET) refers to startup_stm32l051xx.o(STACK) for __initial_sp
    startup_stm32l051xx.o(RESET) refers to startup_stm32l051xx.o(.text) for Reset_Handler
    startup_stm32l051xx.o(RESET) refers to stm32l0xx_it.o(.text.NMI_Handler) for NMI_Handler
    startup_stm32l051xx.o(RESET) refers to stm32l0xx_it.o(.text.HardFault_Handler) for HardFault_Handler
    startup_stm32l051xx.o(RESET) refers to stm32l0xx_it.o(.text.SVC_Handler) for SVC_Handler
    startup_stm32l051xx.o(RESET) refers to stm32l0xx_it.o(.text.PendSV_Handler) for PendSV_Handler
    startup_stm32l051xx.o(RESET) refers to stm32l0xx_it.o(.text.SysTick_Handler) for SysTick_Handler
    startup_stm32l051xx.o(RESET) refers to stm32l0xx_it.o(.text.USART1_IRQHandler) for USART1_IRQHandler
    startup_stm32l051xx.o(.text) refers to system_stm32l0xx.o(.text.SystemInit) for SystemInit
    startup_stm32l051xx.o(.text) refers to entry.o(.ARM.Collect$$$$00000000) for __main
    flash.o(.text.FLASH_Init) refers to stm32l0xx_hal_flash.o(.text.HAL_FLASH_Unlock) for HAL_FLASH_Unlock
    flash.o(.text.FLASH_Init) refers to stm32l0xx_hal_flash.o(.text.HAL_FLASH_Lock) for HAL_FLASH_Lock
    flash.o(.ARM.exidx.text.FLASH_Init) refers to flash.o(.text.FLASH_Init) for [Anonymous Symbol]
    flash.o(.text.FLASH_Erase_Page) refers to stm32l0xx_hal_flash.o(.text.HAL_FLASH_Unlock) for HAL_FLASH_Unlock
    flash.o(.text.FLASH_Erase_Page) refers to stm32l0xx_hal_flash_ex.o(.text.HAL_FLASHEx_Erase) for HAL_FLASHEx_Erase
    flash.o(.text.FLASH_Erase_Page) refers to puts.o(i.puts) for puts
    flash.o(.text.FLASH_Erase_Page) refers to stm32l0xx_hal_flash.o(.text.HAL_FLASH_GetError) for HAL_FLASH_GetError
    flash.o(.text.FLASH_Erase_Page) refers to printfa.o(i.__0printf) for __2printf
    flash.o(.text.FLASH_Erase_Page) refers to stm32l0xx_hal_flash.o(.text.HAL_FLASH_Lock) for HAL_FLASH_Lock
    flash.o(.ARM.exidx.text.FLASH_Erase_Page) refers to flash.o(.text.FLASH_Erase_Page) for [Anonymous Symbol]
    flash.o(.ARM.exidx.text.FLASH_ReadWord) refers to flash.o(.text.FLASH_ReadWord) for [Anonymous Symbol]
    flash.o(.text.FLASH_ProgramWord) refers to stm32l0xx_hal_flash.o(.text.HAL_FLASH_Unlock) for HAL_FLASH_Unlock
    flash.o(.text.FLASH_ProgramWord) refers to stm32l0xx_hal_flash.o(.text.HAL_FLASH_Program) for HAL_FLASH_Program
    flash.o(.text.FLASH_ProgramWord) refers to puts.o(i.puts) for puts
    flash.o(.text.FLASH_ProgramWord) refers to printfa.o(i.__0printf) for __2printf
    flash.o(.text.FLASH_ProgramWord) refers to stm32l0xx_hal_flash.o(.text.HAL_FLASH_Lock) for HAL_FLASH_Lock
    flash.o(.ARM.exidx.text.FLASH_ProgramWord) refers to flash.o(.text.FLASH_ProgramWord) for [Anonymous Symbol]
    iap_bootloader.o(.text.iap_load_app) refers to puts.o(i.puts) for puts
    iap_bootloader.o(.text.iap_load_app) refers to printfa.o(i.__0printf) for __2printf
    iap_bootloader.o(.text.iap_load_app) refers to stm32l0xx_hal_rcc.o(.text.HAL_RCC_DeInit) for HAL_RCC_DeInit
    iap_bootloader.o(.text.iap_load_app) refers to main.o(.text.Error_Handler) for Error_Handler
    iap_bootloader.o(.text.iap_load_app) refers to iap_bootloader.o(.bss..L_MergedGlobals) for [Anonymous Symbol]
    iap_bootloader.o(.ARM.exidx.text.iap_load_app) refers to iap_bootloader.o(.text.iap_load_app) for [Anonymous Symbol]
    iap_bootloader.o(.text.IAP_Bootloader_FlashProgram) refers to stm32l0xx_hal_flash.o(.text.HAL_FLASH_Unlock) for HAL_FLASH_Unlock
    iap_bootloader.o(.text.IAP_Bootloader_FlashProgram) refers to stm32l0xx_hal_flash.o(.text.HAL_FLASH_Program) for HAL_FLASH_Program
    iap_bootloader.o(.text.IAP_Bootloader_FlashProgram) refers to printfa.o(i.__0printf) for __2printf
    iap_bootloader.o(.text.IAP_Bootloader_FlashProgram) refers to main.o(.text.Error_Handler) for Error_Handler
    iap_bootloader.o(.ARM.exidx.text.IAP_Bootloader_FlashProgram) refers to iap_bootloader.o(.text.IAP_Bootloader_FlashProgram) for [Anonymous Symbol]
    main.o(.text.fputc) refers to stm32l0xx_hal_uart.o(.text.HAL_UART_Transmit) for HAL_UART_Transmit
    main.o(.text.fputc) refers to usart.o(.bss.huart1) for huart1
    main.o(.ARM.exidx.text.fputc) refers to main.o(.text.fputc) for [Anonymous Symbol]
    main.o(.text.main) refers to stm32l0xx_hal.o(.text.HAL_Init) for HAL_Init
    main.o(.text.main) refers to main.o(.text.SystemClock_Config) for SystemClock_Config
    main.o(.text.main) refers to gpio.o(.text.MX_GPIO_Init) for MX_GPIO_Init
    main.o(.text.main) refers to dma.o(.text.MX_DMA_Init) for MX_DMA_Init
    main.o(.text.main) refers to usart.o(.text.MX_USART1_UART_Init) for MX_USART1_UART_Init
    main.o(.text.main) refers to tim.o(.text.MX_TIM6_Init) for MX_TIM6_Init
    main.o(.text.main) refers to rtc.o(.text.MX_RTC_Init) for MX_RTC_Init
[...]
    Removing stm32l0xx_hal_uart.o(.ARM.exidx.text.HAL_UART_Receive_IT), (8 bytes).
    Removing stm32l0xx_hal_uart.o(.text.UART_Start_Receive_IT), (200 bytes).
    Removing stm32l0xx_hal_uart.o(.ARM.exidx.text.UART_Start_Receive_IT), (8 bytes).
    Removing stm32l0xx_hal_uart.o(.text.HAL_UART_Transmit_DMA), (156 bytes).
    Removing stm32l0xx_hal_uart.o(.ARM.exidx.text.HAL_UART_Transmit_DMA), (8 bytes).
    Removing stm32l0xx_hal_uart.o(.text.UART_DMATransmitCplt), (74 bytes).
    Removing stm32l0xx_hal_uart.o(.ARM.exidx.text.UART_DMATransmitCplt), (8 bytes).
    Removing stm32l0xx_hal_uart.o(.text.UART_DMATxHalfCplt), (10 bytes).
    Removing stm32l0xx_hal_uart.o(.ARM.exidx.text.UART_DMATxHalfCplt), (8 bytes).
    Removing stm32l0xx_hal_uart.o(.ARM.exidx.text.UART_DMAError), (8 bytes).
    Removing stm32l0xx_hal_uart.o(.text.HAL_UART_Receive_DMA), (100 bytes).
    Removing stm32l0xx_hal_uart.o(.ARM.exidx.text.HAL_UART_Receive_DMA), (8 bytes).
    Removing stm32l0xx_hal_uart.o(.ARM.exidx.text.UART_Start_Receive_DMA), (8 bytes).
    Removing stm32l0xx_hal_uart.o(.text.HAL_UART_DMAPause), (124 bytes).
    Removing stm32l0xx_hal_uart.o(.ARM.exidx.text.HAL_UART_DMAPause), (8 bytes).
    Removing stm32l0xx_hal_uart.o(.text.HAL_UART_DMAResume), (124 bytes).
    Removing stm32l0xx_hal_uart.o(.ARM.exidx.text.HAL_UART_DMAResume), (8 bytes).
    Removing stm32l0xx_hal_uart.o(.text.HAL_UART_DMAStop), (158 bytes).
    Removing stm32l0xx_hal_uart.o(.ARM.exidx.text.HAL_UART_DMAStop), (8 bytes).
    Removing stm32l0xx_hal_uart.o(.ARM.exidx.text.UART_EndTxTransfer), (8 bytes).
    Removing stm32l0xx_hal_uart.o(.ARM.exidx.text.UART_EndRxTransfer), (8 bytes).
    Removing stm32l0xx_hal_uart.o(.text.HAL_UART_Abort), (240 bytes).
    Removing stm32l0xx_hal_uart.o(.ARM.exidx.text.HAL_UART_Abort), (8 bytes).
    Removing stm32l0xx_hal_uart.o(.text.HAL_UART_AbortTransmit), (110 bytes).
    Removing stm32l0xx_hal_uart.o(.ARM.exidx.text.HAL_UART_AbortTransmit), (8 bytes).
    Removing stm32l0xx_hal_uart.o(.text.HAL_UART_AbortReceive), (178 bytes).
    Removing stm32l0xx_hal_uart.o(.ARM.exidx.text.HAL_UART_AbortReceive), (8 bytes).
    Removing stm32l0xx_hal_uart.o(.text.HAL_UART_Abort_IT), (292 bytes).
    Removing stm32l0xx_hal_uart.o(.ARM.exidx.text.HAL_UART_Abort_IT), (8 bytes).
    Removing stm32l0xx_hal_uart.o(.text.UART_DMATxAbortCallback), (58 bytes).
    Removing stm32l0xx_hal_uart.o(.ARM.exidx.text.UART_DMATxAbortCallback), (8 bytes).
    Removing stm32l0xx_hal_uart.o(.text.UART_DMARxAbortCallback), (66 bytes).
    Removing stm32l0xx_hal_uart.o(.ARM.exidx.text.UART_DMARxAbortCallback), (8 bytes).
    Removing stm32l0xx_hal_uart.o(.text.HAL_UART_AbortCpltCallback), (2 bytes).
    Removing stm32l0xx_hal_uart.o(.ARM.exidx.text.HAL_UART_AbortCpltCallback), (8 bytes).
    Removing stm32l0xx_hal_uart.o(.text.HAL_UART_AbortTransmit_IT), (112 bytes).
    Removing stm32l0xx_hal_uart.o(.ARM.exidx.text.HAL_UART_AbortTransmit_IT), (8 bytes).
    Removing stm32l0xx_hal_uart.o(.text.UART_DMATxOnlyAbortCallback), (20 bytes).
    Removing stm32l0xx_hal_uart.o(.ARM.exidx.text.UART_DMATxOnlyAbortCallback), (8 bytes).
    Removing stm32l0xx_hal_uart.o(.text.HAL_UART_AbortTransmitCpltCallback), (2 bytes).
    Removing stm32l0xx_hal_uart.o(.ARM.exidx.text.HAL_UART_AbortTransmitCpltCallback), (8 bytes).
    Removing stm32l0xx_hal_uart.o(.text.HAL_UART_AbortReceive_IT), (192 bytes).
    Removing stm32l0xx_hal_uart.o(.ARM.exidx.text.HAL_UART_AbortReceive_IT), (8 bytes).
    Removing stm32l0xx_hal_uart.o(.text.UART_DMARxOnlyAbortCallback), (38 bytes).
    Removing stm32l0xx_hal_uart.o(.ARM.exidx.text.UART_DMARxOnlyAbortCallback), (8 bytes).
    Removing stm32l0xx_hal_uart.o(.text.HAL_UART_AbortReceiveCpltCallback), (2 bytes).
    Removing stm32l0xx_hal_uart.o(.ARM.exidx.text.HAL_UART_AbortReceiveCpltCallback), (8 bytes).
    Removing stm32l0xx_hal_uart.o(.ARM.exidx.text.HAL_UART_IRQHandler), (8 bytes).
    Removing stm32l0xx_hal_uart.o(.ARM.exidx.text.UART_DMAAbortOnError), (8 bytes).
    Removing stm32l0xx_hal_uart.o(.text.HAL_UART_ErrorCallback), (2 bytes).
    Removing stm32l0xx_hal_uart.o(.ARM.exidx.text.HAL_UART_ErrorCallback), (8 bytes).
    Removing stm32l0xx_hal_uart.o(.text.HAL_UARTEx_RxEventCallback), (2 bytes).
    Removing stm32l0xx_hal_uart.o(.ARM.exidx.text.HAL_UARTEx_RxEventCallback), (8 bytes).
    Removing stm32l0xx_hal_uart.o(.ARM.exidx.text.HAL_UART_TxCpltCallback), (8 bytes).
    Removing stm32l0xx_hal_uart.o(.text.HAL_UART_TxHalfCpltCallback), (2 bytes).
    Removing stm32l0xx_hal_uart.o(.ARM.exidx.text.HAL_UART_TxHalfCpltCallback), (8 bytes).
    Removing stm32l0xx_hal_uart.o(.ARM.exidx.text.HAL_UART_RxCpltCallback), (8 bytes).
    Removing stm32l0xx_hal_uart.o(.ARM.exidx.text.HAL_UART_RxHalfCpltCallback), (8 bytes).
    Removing stm32l0xx_hal_uart.o(.text.HAL_UART_ReceiverTimeout_Config), (28 bytes).
    Removing stm32l0xx_hal_uart.o(.ARM.exidx.text.HAL_UART_ReceiverTimeout_Config), (8 bytes).
    Removing stm32l0xx_hal_uart.o(.text.HAL_UART_EnableReceiverTimeout), (64 bytes).
    Removing stm32l0xx_hal_uart.o(.ARM.exidx.text.HAL_UART_EnableReceiverTimeout), (8 bytes).
    Removing stm32l0xx_hal_uart.o(.text.HAL_UART_DisableReceiverTimeout), (64 bytes).
    Removing stm32l0xx_hal_uart.o(.ARM.exidx.text.HAL_UART_DisableReceiverTimeout), (8 bytes).
    Removing stm32l0xx_hal_uart.o(.text.HAL_MultiProcessor_EnableMuteMode), (58 bytes).
    Removing stm32l0xx_hal_uart.o(.ARM.exidx.text.HAL_MultiProcessor_EnableMuteMode), (8 bytes).
    Removing stm32l0xx_hal_uart.o(.text.HAL_MultiProcessor_DisableMuteMode), (58 bytes).
    Removing stm32l0xx_hal_uart.o(.ARM.exidx.text.HAL_MultiProcessor_DisableMuteMode), (8 bytes).
    Removing stm32l0xx_hal_uart.o(.text.HAL_MultiProcessor_EnterMuteMode), (12 bytes).
    Removing stm32l0xx_hal_uart.o(.ARM.exidx.text.HAL_MultiProcessor_EnterMuteMode), (8 bytes).
    Removing stm32l0xx_hal_uart.o(.text.HAL_HalfDuplex_EnableTransmitter), (82 bytes).
    Removing stm32l0xx_hal_uart.o(.ARM.exidx.text.HAL_HalfDuplex_EnableTransmitter), (8 bytes).
    Removing stm32l0xx_hal_uart.o(.text.HAL_HalfDuplex_EnableReceiver), (82 bytes).
    Removing stm32l0xx_hal_uart.o(.ARM.exidx.text.HAL_HalfDuplex_EnableReceiver), (8 bytes).
    Removing stm32l0xx_hal_uart.o(.text.HAL_LIN_SendBreak), (44 bytes).
    Removing stm32l0xx_hal_uart.o(.ARM.exidx.text.HAL_LIN_SendBreak), (8 bytes).
    Removing stm32l0xx_hal_uart.o(.text.HAL_UART_GetState), (10 bytes).
    Removing stm32l0xx_hal_uart.o(.ARM.exidx.text.HAL_UART_GetState), (8 bytes).
    Removing stm32l0xx_hal_uart.o(.text.HAL_UART_GetError), (6 bytes).
    Removing stm32l0xx_hal_uart.o(.ARM.exidx.text.HAL_UART_GetError), (8 bytes).
    Removing stm32l0xx_hal_uart.o(.text.UART_RxISR_16BIT), (208 bytes).
    Removing stm32l0xx_hal_uart.o(.ARM.exidx.text.UART_RxISR_16BIT), (8 bytes).
    Removing stm32l0xx_hal_uart.o(.text.UART_RxISR_8BIT), (208 bytes).
    Removing stm32l0xx_hal_uart.o(.ARM.exidx.text.UART_RxISR_8BIT), (8 bytes).
    Removing stm32l0xx_hal_uart.o(.ARM.exidx.text.UART_DMAReceiveCplt), (8 bytes).
    Removing stm32l0xx_hal_uart.o(.ARM.exidx.text.UART_DMARxHalfCplt), (8 bytes).
    Removing stm32l0xx_hal_uart_ex.o(.text), (0 bytes).
    Removing stm32l0xx_hal_uart_ex.o(.text.HAL_RS485Ex_Init), (136 bytes).
    Removing stm32l0xx_hal_uart_ex.o(.ARM.exidx.text.HAL_RS485Ex_Init), (8 bytes).
    Removing stm32l0xx_hal_uart_ex.o(.ARM.exidx.text.HAL_UARTEx_WakeupCallback), (8 bytes).
    Removing stm32l0xx_hal_uart_ex.o(.text.HAL_UARTEx_EnableClockStopMode), (50 bytes).
    Removing stm32l0xx_hal_uart_ex.o(.ARM.exidx.text.HAL_UARTEx_EnableClockStopMode), (8 bytes).
    Removing stm32l0xx_hal_uart_ex.o(.text.HAL_UARTEx_DisableClockStopMode), (50 bytes).
    Removing stm32l0xx_hal_uart_ex.o(.ARM.exidx.text.HAL_UARTEx_DisableClockStopMode), (8 bytes).
    Removing stm32l0xx_hal_uart_ex.o(.text.HAL_MultiProcessorEx_AddressLength_Set), (46 bytes).
    Removing stm32l0xx_hal_uart_ex.o(.ARM.exidx.text.HAL_MultiProcessorEx_AddressLength_Set), (8 bytes).
    Removing stm32l0xx_hal_uart_ex.o(.text.HAL_UARTEx_StopModeWakeUpSourceConfig), (132 bytes).
    Removing stm32l0xx_hal_uart_ex.o(.ARM.exidx.text.HAL_UARTEx_StopModeWakeUpSourceConfig), (8 bytes).
    Removing stm32l0xx_hal_uart_ex.o(.text.HAL_UARTEx_EnableStopMode), (50 bytes).
    Removing stm32l0xx_hal_uart_ex.o(.ARM.exidx.text.HAL_UARTEx_EnableStopMode), (8 bytes).
    Removing stm32l0xx_hal_uart_ex.o(.text.HAL_UARTEx_DisableStopMode), (50 bytes).
    Removing stm32l0xx_hal_uart_ex.o(.ARM.exidx.text.HAL_UARTEx_DisableStopMode), (8 bytes).
    Removing stm32l0xx_hal_uart_ex.o(.text.HAL_UARTEx_ReceiveToIdle), (308 bytes).
    Removing stm32l0xx_hal_uart_ex.o(.ARM.exidx.text.HAL_UARTEx_ReceiveToIdle), (8 bytes).
    Removing stm32l0xx_hal_uart_ex.o(.text.HAL_UARTEx_ReceiveToIdle_IT), (108 bytes).
    Removing stm32l0xx_hal_uart_ex.o(.ARM.exidx.text.HAL_UARTEx_ReceiveToIdle_IT), (8 bytes).
    Removing stm32l0xx_hal_uart_ex.o(.ARM.exidx.text.HAL_UARTEx_ReceiveToIdle_DMA), (8 bytes).
    Removing stm32l0xx_hal_uart_ex.o(.text.HAL_UARTEx_GetRxEventType), (4 bytes).
    Removing stm32l0xx_hal_uart_ex.o(.ARM.exidx.text.HAL_UARTEx_GetRxEventType), (8 bytes).
    Removing system_stm32l0xx.o(.text), (0 bytes).
    Removing system_stm32l0xx.o(.ARM.exidx.text.SystemInit), (8 bytes).
    Removing system_stm32l0xx.o(.text.SystemCoreClockUpdate), (144 bytes).
    Removing system_stm32l0xx.o(.ARM.exidx.text.SystemCoreClockUpdate), (8 bytes).

1005 unused section(s) (total 42482 bytes) removed from the image.

==============================================================================

Image Symbol Table

    Local Symbols

    Symbol Name                              Value     Ov Type        Size  Object(Section)

    ../clib/division.s                       0x00000000   Number         0  aeabi_sdiv.o ABSOLUTE
    ../clib/division.s                       0x00000000   Number         0  aeabi_sdiv_div0.o ABSOLUTE
    ../clib/microlib/division.c              0x00000000   Number         0  uidiv.o ABSOLUTE
    ../clib/microlib/division.c              0x00000000   Number         0  uldiv.o ABSOLUTE
    ../clib/microlib/division.c              0x00000000   Number         0  uidiv_div0.o ABSOLUTE
    ../clib/microlib/division.c              0x00000000   Number         0  idiv_div0.o ABSOLUTE
    ../clib/microlib/division.c              0x00000000   Number         0  idiv0.o ABSOLUTE
    ../clib/microlib/init/entry.s            0x00000000   Number         0  entry.o ABSOLUTE
    ../clib/microlib/init/entry.s            0x00000000   Number         0  entry2.o ABSOLUTE
    ../clib/microlib/init/entry.s            0x00000000   Number         0  entry5.o ABSOLUTE
    ../clib/microlib/init/entry.s            0x00000000   Number         0  entry7a.o ABSOLUTE
    ../clib/microlib/init/entry.s            0x00000000   Number         0  entry7b.o ABSOLUTE
    ../clib/microlib/init/entry.s            0x00000000   Number         0  entry8a.o ABSOLUTE
    ../clib/microlib/init/entry.s            0x00000000   Number         0  entry8b.o ABSOLUTE
    ../clib/microlib/init/entry.s            0x00000000   Number         0  entry9a.o ABSOLUTE
    ../clib/microlib/init/entry.s            0x00000000   Number         0  entry9b.o ABSOLUTE
    ../clib/microlib/init/entry.s            0x00000000   Number         0  entry10a.o ABSOLUTE
    ../clib/microlib/init/entry.s            0x00000000   Number         0  entry10b.o ABSOLUTE
    ../clib/microlib/init/entry.s            0x00000000   Number         0  entry11a.o ABSOLUTE
    ../clib/microlib/init/entry.s            0x00000000   Number         0  entry11b.o ABSOLUTE
    ../clib/microlib/longlong.c              0x00000000   Number         0  llshl.o ABSOLUTE
    ../clib/microlib/longlong.c              0x00000000   Number         0  llushr.o ABSOLUTE
    ../clib/microlib/longlong.c              0x00000000   Number         0  llsshr.o ABSOLUTE
    ../clib/microlib/printf/printf.c         0x00000000   Number         0  printfb.o ABSOLUTE
    ../clib/microlib/printf/printf.c         0x00000000   Number         0  printf0.o ABSOLUTE
    ../clib/microlib/printf/printf.c         0x00000000   Number         0  printf1.o ABSOLUTE
    ../clib/microlib/printf/printf.c         0x00000000   Number         0  printf2.o ABSOLUTE
    ../clib/microlib/printf/printf.c         0x00000000   Number         0  printf3.o ABSOLUTE
    ../clib/microlib/printf/printf.c         0x00000000   Number         0  printf4.o ABSOLUTE
    ../clib/microlib/printf/printf.c         0x00000000   Number         0  printf5.o ABSOLUTE
    ../clib/microlib/printf/printf.c         0x00000000   Number         0  printf6.o ABSOLUTE
    ../clib/microlib/printf/printf.c         0x00000000   Number         0  printf7.o ABSOLUTE
    ../clib/microlib/printf/printf.c         0x00000000   Number         0  printf8.o ABSOLUTE
    ../clib/microlib/printf/printf.c         0x00000000   Number         0  printfa.o ABSOLUTE
    ../clib/microlib/printf/stubs.s          0x00000000   Number         0  printfstubs.o ABSOLUTE
    ../clib/microlib/stdio/puts.c            0x00000000   Number         0  puts.o ABSOLUTE
    ../clib/microlib/stdio/puts.c            0x00000000   Number         0  puts_e.o ABSOLUTE
    ../clib/microlib/stdio/streams.c         0x00000000   Number         0  stdout.o ABSOLUTE
    ../clib/microlib/string/memset.c         0x00000000   Number         0  memseta.o ABSOLUTE
    ../clib/microlib/stubs.s                 0x00000000   Number         0  iusefp.o ABSOLUTE
    ../fplib/microlib/fpadd.c                0x00000000   Number         0  dadd.o ABSOLUTE
    ../fplib/microlib/fpdiv.c                0x00000000   Number         0  ddiv.o ABSOLUTE
    ../fplib/microlib/fpepilogue.c           0x00000000   Number         0  depilogue.o ABSOLUTE
    ../fplib/microlib/fpfix.c                0x00000000   Number         0  dfixul.o ABSOLUTE
    ../fplib/microlib/fpflt.c                0x00000000   Number         0  dfltui.o ABSOLUTE
    ../fplib/microlib/fpmul.c                0x00000000   Number         0  dmul.o ABSOLUTE
    cdrcmple.s                               0x00000000   Number         0  cdrcmple.o ABSOLUTE
    dc.s                                     0x00000000   Number         0  dc.o ABSOLUTE
    dma.c                                    0x00000000   Number         0  dma.o ABSOLUTE
    flash.c                                  0x00000000   Number         0  flash.o ABSOLUTE
    gpio.c                                   0x00000000   Number         0  gpio.o ABSOLUTE
    handlers.s                               0x00000000   Number         0  handlers.o ABSOLUTE
    iap_bootloader.c                         0x00000000   Number         0  iap_bootloader.o ABSOLUTE
    init.s                                   0x00000000   Number         0  init.o ABSOLUTE
    main.c                                   0x00000000   Number         0  main.o ABSOLUTE
    rtc.c                                    0x00000000   Number         0  rtc.o ABSOLUTE
    startup_stm32l051xx.s                    0x00000000   Number         0  startup_stm32l051xx.o ABSOLUTE
    stm32l0xx_hal.c                          0x00000000   Number         0  stm32l0xx_hal.o ABSOLUTE
    stm32l0xx_hal_cortex.c                   0x00000000   Number         0  stm32l0xx_hal_cortex.o ABSOLUTE
    stm32l0xx_hal_dma.c                      0x00000000   Number         0  stm32l0xx_hal_dma.o ABSOLUTE
    stm32l0xx_hal_exti.c                     0x00000000   Number         0  stm32l0xx_hal_exti.o ABSOLUTE
    stm32l0xx_hal_flash.c                    0x00000000   Number         0  stm32l0xx_hal_flash.o ABSOLUTE
    stm32l0xx_hal_flash_ex.c                 0x00000000   Number         0  stm32l0xx_hal_flash_ex.o ABSOLUTE
    stm32l0xx_hal_flash_ramfunc.c            0x00000000   Number         0  stm32l0xx_hal_flash_ramfunc.o ABSOLUTE
    stm32l0xx_hal_gpio.c                     0x00000000   Number         0  stm32l0xx_hal_gpio.o ABSOLUTE
    stm32l0xx_hal_i2c.c                      0x00000000   Number         0  stm32l0xx_hal_i2c.o ABSOLUTE
    stm32l0xx_hal_i2c_ex.c                   0x00000000   Number         0  stm32l0xx_hal_i2c_ex.o ABSOLUTE
    stm32l0xx_hal_msp.c                      0x00000000   Number         0  stm32l0xx_hal_msp.o ABSOLUTE
    stm32l0xx_hal_pwr.c                      0x00000000   Number         0  stm32l0xx_hal_pwr.o ABSOLUTE
    stm32l0xx_hal_pwr_ex.c                   0x00000000   Number         0  stm32l0xx_hal_pwr_ex.o ABSOLUTE
    stm32l0xx_hal_rcc.c                      0x00000000   Number         0  stm32l0xx_hal_rcc.o ABSOLUTE
    stm32l0xx_hal_rcc_ex.c                   0x00000000   Number         0  stm32l0xx_hal_rcc_ex.o ABSOLUTE
    stm32l0xx_hal_rtc.c                      0x00000000   Number         0  stm32l0xx_hal_rtc.o ABSOLUTE
    stm32l0xx_hal_rtc_ex.c                   0x00000000   Number         0  stm32l0xx_hal_rtc_ex.o ABSOLUTE
    stm32l0xx_hal_tim.c                      0x00000000   Number         0  stm32l0xx_hal_tim.o ABSOLUTE
    stm32l0xx_hal_tim_ex.c                   0x00000000   Number         0  stm32l0xx_hal_tim_ex.o ABSOLUTE
    stm32l0xx_hal_uart.c                     0x00000000   Number         0  stm32l0xx_hal_uart.o ABSOLUTE
    stm32l0xx_hal_uart_ex.c                  0x00000000   Number         0  stm32l0xx_hal_uart_ex.o ABSOLUTE
    stm32l0xx_it.c                           0x00000000   Number         0  stm32l0xx_it.o ABSOLUTE
    system_stm32l0xx.c                       0x00000000   Number         0  system_stm32l0xx.o ABSOLUTE
    tim.c                                    0x00000000   Number         0  tim.o ABSOLUTE
    usart.c                                  0x00000000   Number         0  usart.o ABSOLUTE
    RESET                                    0x08000000   Section      192  startup_stm32l051xx.o(RESET)
    .ARM.Collect$$$$00000000                 0x080000c0   Section        0  entry.o(.ARM.Collect$$$$00000000)
    .ARM.Collect$$$$00000001                 0x080000c0   Section        4  entry2.o(.ARM.Collect$$$$00000001)
    .ARM.Collect$$$$00000004                 0x080000c4   Section        4  entry5.o(.ARM.Collect$$$$00000004)
    .ARM.Collect$$$$00000008                 0x080000c8   Section        0  entry7b.o(.ARM.Collect$$$$00000008)
    .ARM.Collect$$$$0000000A                 0x080000c8   Section        0  entry8b.o(.ARM.Collect$$$$0000000A)
    .ARM.Collect$$$$0000000B                 0x080000c8   Section        8  entry9a.o(.ARM.Collect$$$$0000000B)
    __lit__00000000                          0x080000d0   Data           4  entry2.o(.ARM.Collect$$$$00002712)
    .ARM.Collect$$$$0000000D                 0x080000d0   Section        0  entry10a.o(.ARM.Collect$$$$0000000D)
    .ARM.Collect$$$$0000000F                 0x080000d0   Section        0  entry11a.o(.ARM.Collect$$$$0000000F)
    .ARM.Collect$$$$00002712                 0x080000d0   Section        4  entry2.o(.ARM.Collect$$$$00002712)
    .text                                    0x080000d4   Section       28  startup_stm32l051xx.o(.text)
    .text                                    0x080000f0   Section        0  uldiv.o(.text)
    .text                                    0x08000150   Section        0  memseta.o(.text)
    .text                                    0x08000174   Section        0  dmul.o(.text)
    .text                                    0x08000244   Section        0  dfltui.o(.text)
    .text                                    0x08000260   Section        0  uidiv_div0.o(.text)
    .text                                    0x0800029e   Section        0  llshl.o(.text)
    .text                                    0x080002be   Section        0  llushr.o(.text)
    .text                                    0x080002e0   Section        0  iusefp.o(.text)
    .text                                    0x080002e0   Section        0  depilogue.o(.text)
    .text                                    0x080003a0   Section        0  dadd.o(.text)
    .text                                    0x08000504   Section        0  ddiv.o(.text)
    .text                                    0x080005f4   Section        0  dfixul.o(.text)
    .text                                    0x08000634   Section       40  cdrcmple.o(.text)
    .text                                    0x0800065c   Section       36  init.o(.text)
    .text                                    0x08000680   Section        0  llsshr.o(.text)
    DMA_SetConfig                            0x080006a7   Thumb Code    42  stm32l0xx_hal_dma.o(.text.DMA_SetConfig)
    [Anonymous Symbol]                       0x080006a6   Section        0  stm32l0xx_hal_dma.o(.text.DMA_SetConfig)
    [Anonymous Symbol]                       0x080006d0   Section        0  main.o(.text.Error_Handler)
    [Anonymous Symbol]                       0x080006e4   Section        0  flash.o(.text.FLASH_Erase_Page)
    [Anonymous Symbol]                       0x08000754   Section        0  stm32l0xx_hal_flash_ex.o(.text.FLASH_PageErase)
    FLASH_SetErrorCode                       0x08000779   Thumb Code   148  stm32l0xx_hal_flash.o(.text.FLASH_SetErrorCode)
    [Anonymous Symbol]                       0x08000778   Section        0  stm32l0xx_hal_flash.o(.text.FLASH_SetErrorCode)
    [Anonymous Symbol]                       0x0800080c   Section        0  stm32l0xx_hal_flash.o(.text.FLASH_WaitForLastOperation)
    __arm_cp.1_0                             0x08000878   Number         4  stm32l0xx_hal_flash.o(.text.FLASH_WaitForLastOperation)
    [Anonymous Symbol]                       0x0800087c   Section        0  stm32l0xx_hal_dma.o(.text.HAL_DMA_Abort)
    [Anonymous Symbol]                       0x080008bc   Section        0  stm32l0xx_hal_dma.o(.text.HAL_DMA_Abort_IT)
    [Anonymous Symbol]                       0x08000904   Section        0  stm32l0xx_hal_dma.o(.text.HAL_DMA_Init)
    __arm_cp.0_0                             0x08000994   Number         4  stm32l0xx_hal_dma.o(.text.HAL_DMA_Init)
    __arm_cp.0_1                             0x08000998   Number         4  stm32l0xx_hal_dma.o(.text.HAL_DMA_Init)
    __arm_cp.0_2                             0x0800099c   Number         4  stm32l0xx_hal_dma.o(.text.HAL_DMA_Init)
    __arm_cp.0_3                             0x080009a0   Number         4  stm32l0xx_hal_dma.o(.text.HAL_DMA_Init)
    [Anonymous Symbol]                       0x080009a4   Section        0  stm32l0xx_hal_dma.o(.text.HAL_DMA_Start_IT)
    [Anonymous Symbol]                       0x08000a04   Section        0  stm32l0xx_hal_flash_ex.o(.text.HAL_FLASHEx_Erase)
    [Anonymous Symbol]                       0x08000a74   Section        0  stm32l0xx_hal_flash.o(.text.HAL_FLASH_GetError)
    [Anonymous Symbol]                       0x08000a7c   Section        0  stm32l0xx_hal_flash.o(.text.HAL_FLASH_Lock)
    [Anonymous Symbol]                       0x08000a94   Section        0  stm32l0xx_hal_flash.o(.text.HAL_FLASH_Program)
    __arm_cp.0_0                             0x08000ac8   Number         4  stm32l0xx_hal_flash.o(.text.HAL_FLASH_Program)
    __arm_cp.0_1                             0x08000acc   Number         4  stm32l0xx_hal_flash.o(.text.HAL_FLASH_Program)
    [Anonymous Symbol]                       0x08000ad0   Section        0  stm32l0xx_hal_flash.o(.text.HAL_FLASH_Unlock)
    __arm_cp.7_0                             0x08000b20   Number         4  stm32l0xx_hal_flash.o(.text.HAL_FLASH_Unlock)
    __arm_cp.7_1                             0x08000b24   Number         4  stm32l0xx_hal_flash.o(.text.HAL_FLASH_Unlock)
    __arm_cp.7_2                             0x08000b28   Number         4  stm32l0xx_hal_flash.o(.text.HAL_FLASH_Unlock)
    __arm_cp.7_3                             0x08000b2c   Number         4  stm32l0xx_hal_flash.o(.text.HAL_FLASH_Unlock)
    __arm_cp.7_4                             0x08000b30   Number         4  stm32l0xx_hal_flash.o(.text.HAL_FLASH_Unlock)
    [Anonymous Symbol]                       0x08000b34   Section        0  stm32l0xx_hal_gpio.o(.text.HAL_GPIO_Init)
    __arm_cp.0_0                             0x08000c9c   Number         4  stm32l0xx_hal_gpio.o(.text.HAL_GPIO_Init)
    __arm_cp.0_1                             0x08000ca0   Number         4  stm32l0xx_hal_gpio.o(.text.HAL_GPIO_Init)
    __arm_cp.0_3                             0x08000ca4   Number         4  stm32l0xx_hal_gpio.o(.text.HAL_GPIO_Init)
    [Anonymous Symbol]                       0x08000ca8   Section        0  stm32l0xx_hal.o(.text.HAL_GetTick)
    [Anonymous Symbol]                       0x08000cb0   Section        0  stm32l0xx_hal.o(.text.HAL_IncTick)
    __arm_cp.5_1                             0x08000cc0   Number         4  stm32l0xx_hal.o(.text.HAL_IncTick)
    [Anonymous Symbol]                       0x08000cc4   Section        0  stm32l0xx_hal.o(.text.HAL_Init)
    [Anonymous Symbol]                       0x08000ce8   Section        0  stm32l0xx_hal.o(.text.HAL_InitTick)
    __arm_cp.1_0                             0x08000d24   Number         4  stm32l0xx_hal.o(.text.HAL_InitTick)
    [Anonymous Symbol]                       0x08000d28   Section        0  stm32l0xx_hal_msp.o(.text.HAL_MspInit)
    __arm_cp.0_0                             0x08000d3c   Number         4  stm32l0xx_hal_msp.o(.text.HAL_MspInit)
    [Anonymous Symbol]                       0x08000d40   Section        0  stm32l0xx_hal_cortex.o(.text.HAL_NVIC_EnableIRQ)
    __arm_cp.2_0                             0x08000d54   Number         4  stm32l0xx_hal_cortex.o(.text.HAL_NVIC_EnableIRQ)
    [Anonymous Symbol]                       0x08000d58   Section        0  stm32l0xx_hal_cortex.o(.text.HAL_NVIC_SetPriority)
    [Anonymous Symbol]                       0x08000d60   Section        0  stm32l0xx_hal_rcc_ex.o(.text.HAL_RCCEx_PeriphCLKConfig)
    __arm_cp.0_1                             0x08000eb4   Number         4  stm32l0xx_hal_rcc_ex.o(.text.HAL_RCCEx_PeriphCLKConfig)
    [Anonymous Symbol]                       0x08000eb8   Section        0  stm32l0xx_hal_rcc.o(.text.HAL_RCC_ClockConfig)
    __arm_cp.3_0                             0x0800103c   Number         4  stm32l0xx_hal_rcc.o(.text.HAL_RCC_ClockConfig)
    __arm_cp.3_3                             0x08001040   Number         4  stm32l0xx_hal_rcc.o(.text.HAL_RCC_ClockConfig)
    __arm_cp.3_4                             0x08001044   Number         4  stm32l0xx_hal_rcc.o(.text.HAL_RCC_ClockConfig)
    [Anonymous Symbol]                       0x08001048   Section        0  stm32l0xx_hal_rcc.o(.text.HAL_RCC_DeInit)
    __arm_cp.0_0                             0x08001100   Number         4  stm32l0xx_hal_rcc.o(.text.HAL_RCC_DeInit)
    __arm_cp.0_1                             0x08001104   Number         4  stm32l0xx_hal_rcc.o(.text.HAL_RCC_DeInit)
    __arm_cp.0_2                             0x08001108   Number         4  stm32l0xx_hal_rcc.o(.text.HAL_RCC_DeInit)
    __arm_cp.0_4                             0x0800110c   Number         4  stm32l0xx_hal_rcc.o(.text.HAL_RCC_DeInit)
    __arm_cp.0_5                             0x08001110   Number         4  stm32l0xx_hal_rcc.o(.text.HAL_RCC_DeInit)
    __arm_cp.0_6                             0x08001114   Number         4  stm32l0xx_hal_rcc.o(.text.HAL_RCC_DeInit)
    [Anonymous Symbol]                       0x08001118   Section        0  stm32l0xx_hal_rcc.o(.text.HAL_RCC_GetPCLK1Freq)
    [Anonymous Symbol]                       0x0800112c   Section        0  stm32l0xx_hal_rcc.o(.text.HAL_RCC_GetPCLK2Freq)
    __arm_cp.8_0                             0x08001140   Number         4  stm32l0xx_hal_rcc.o(.text.HAL_RCC_GetPCLK2Freq)
    __arm_cp.8_1                             0x08001144   Number         4  stm32l0xx_hal_rcc.o(.text.HAL_RCC_GetPCLK2Freq)
    __arm_cp.8_2                             0x08001148   Number         4  stm32l0xx_hal_rcc.o(.text.HAL_RCC_GetPCLK2Freq)
    [Anonymous Symbol]                       0x0800114c   Section        0  stm32l0xx_hal_rcc.o(.text.HAL_RCC_GetSysClockFreq)
    __arm_cp.2_0                             0x080011a8   Number         4  stm32l0xx_hal_rcc.o(.text.HAL_RCC_GetSysClockFreq)
    __arm_cp.2_1                             0x080011ac   Number         4  stm32l0xx_hal_rcc.o(.text.HAL_RCC_GetSysClockFreq)
    __arm_cp.2_2                             0x080011b0   Number         4  stm32l0xx_hal_rcc.o(.text.HAL_RCC_GetSysClockFreq)
    __arm_cp.2_3                             0x080011b4   Number         4  stm32l0xx_hal_rcc.o(.text.HAL_RCC_GetSysClockFreq)
    __arm_cp.2_4                             0x080011b8   Number         4  stm32l0xx_hal_rcc.o(.text.HAL_RCC_GetSysClockFreq)
    [Anonymous Symbol]                       0x080011bc   Section        0  stm32l0xx_hal_rcc.o(.text.HAL_RCC_OscConfig)
    __arm_cp.1_8                             0x080015b8   Number         4  stm32l0xx_hal_rcc.o(.text.HAL_RCC_OscConfig)
    __arm_cp.1_1                             0x0800162c   Number         4  stm32l0xx_hal_rcc.o(.text.HAL_RCC_OscConfig)
    __arm_cp.1_2                             0x08001630   Number         4  stm32l0xx_hal_rcc.o(.text.HAL_RCC_OscConfig)
    __arm_cp.1_3                             0x08001634   Number         4  stm32l0xx_hal_rcc.o(.text.HAL_RCC_OscConfig)
    __arm_cp.1_4                             0x08001638   Number         4  stm32l0xx_hal_rcc.o(.text.HAL_RCC_OscConfig)
    __arm_cp.1_5                             0x0800163c   Number         4  stm32l0xx_hal_rcc.o(.text.HAL_RCC_OscConfig)
    [Anonymous Symbol]                       0x08001640   Section        0  stm32l0xx_hal_rtc_ex.o(.text.HAL_RTCEx_BKUPRead)
    [Anonymous Symbol]                       0x0800164a   Section        0  stm32l0xx_hal_rtc_ex.o(.text.HAL_RTCEx_BKUPWrite)
    [Anonymous Symbol]                       0x08001654   Section        0  stm32l0xx_hal_rtc.o(.text.HAL_RTC_Init)
    __arm_cp.0_0                             0x080016f0   Number         4  stm32l0xx_hal_rtc.o(.text.HAL_RTC_Init)
    [Anonymous Symbol]                       0x080016f4   Section        0  rtc.o(.text.HAL_RTC_MspInit)
    __arm_cp.1_0                             0x0800170c   Number         4  rtc.o(.text.HAL_RTC_MspInit)
    __arm_cp.1_1                             0x08001710   Number         4  rtc.o(.text.HAL_RTC_MspInit)
    [Anonymous Symbol]                       0x08001714   Section        0  stm32l0xx_hal_rtc.o(.text.HAL_RTC_WaitForSynchro)
    __arm_cp.19_0                            0x08001740   Number         4  stm32l0xx_hal_rtc.o(.text.HAL_RTC_WaitForSynchro)
    __arm_cp.19_1                            0x08001744   Number         4  stm32l0xx_hal_rtc.o(.text.HAL_RTC_WaitForSynchro)
    [Anonymous Symbol]                       0x08001748   Section        0  stm32l0xx_hal_cortex.o(.text.HAL_SYSTICK_Config)
    __arm_cp.6_0                             0x08001770   Number         4  stm32l0xx_hal_cortex.o(.text.HAL_SYSTICK_Config)
    __arm_cp.6_1                             0x08001774   Number         4  stm32l0xx_hal_cortex.o(.text.HAL_SYSTICK_Config)
    __arm_cp.6_2                             0x08001778   Number         4  stm32l0xx_hal_cortex.o(.text.HAL_SYSTICK_Config)
    [Anonymous Symbol]                       0x0800177c   Section        0  stm32l0xx_hal_tim_ex.o(.text.HAL_TIMEx_MasterConfigSynchronization)
    [Anonymous Symbol]                       0x080017c8   Section        0  stm32l0xx_hal_tim.o(.text.HAL_TIM_Base_Init)
    [Anonymous Symbol]                       0x08001808   Section        0  tim.o(.text.HAL_TIM_Base_MspInit)
    __arm_cp.1_0                             0x08001820   Number         4  tim.o(.text.HAL_TIM_Base_MspInit)
    __arm_cp.1_1                             0x08001824   Number         4  tim.o(.text.HAL_TIM_Base_MspInit)
    [Anonymous Symbol]                       0x08001828   Section        0  stm32l0xx_hal_tim.o(.text.HAL_TIM_Base_Start)
    __arm_cp.5_0                             0x08001870   Number         4  stm32l0xx_hal_tim.o(.text.HAL_TIM_Base_Start)
    __arm_cp.5_1                             0x08001874   Number         4  stm32l0xx_hal_tim.o(.text.HAL_TIM_Base_Start)
    [Anonymous Symbol]                       0x08001878   Section        0  stm32l0xx_hal_tim.o(.text.HAL_TIM_Base_Stop)
    __arm_cp.6_0                             0x08001894   Number         4  stm32l0xx_hal_tim.o(.text.HAL_TIM_Base_Stop)
    [Anonymous Symbol]                       0x08001898   Section        0  stm32l0xx_hal_uart_ex.o(.text.HAL_UARTEx_ReceiveToIdle_DMA)
    [Anonymous Symbol]                       0x08001904   Section        0  stm32l0xx_it.o(.text.HAL_UARTEx_RxEventCallback)
    __arm_cp.6_0                             0x080019b0   Number         4  stm32l0xx_it.o(.text.HAL_UARTEx_RxEventCallback)
    __arm_cp.6_2                             0x080019e8   Number         4  stm32l0xx_it.o(.text.HAL_UARTEx_RxEventCallback)
    __arm_cp.6_4                             0x08001a00   Number         4  stm32l0xx_it.o(.text.HAL_UARTEx_RxEventCallback)
    __arm_cp.6_5                             0x08001a04   Number         4  stm32l0xx_it.o(.text.HAL_UARTEx_RxEventCallback)
    __arm_cp.6_6                             0x08001a08   Number         4  stm32l0xx_it.o(.text.HAL_UARTEx_RxEventCallback)
    __arm_cp.6_8                             0x08001a48   Number         4  stm32l0xx_it.o(.text.HAL_UARTEx_RxEventCallback)
    __arm_cp.6_9                             0x08001a4c   Number         4  stm32l0xx_it.o(.text.HAL_UARTEx_RxEventCallback)
    __arm_cp.6_10                            0x08001a50   Number         4  stm32l0xx_it.o(.text.HAL_UARTEx_RxEventCallback)
    __arm_cp.6_11                            0x08001a54   Number         4  stm32l0xx_it.o(.text.HAL_UARTEx_RxEventCallback)
    __arm_cp.6_12                            0x08001a58   Number         4  stm32l0xx_it.o(.text.HAL_UARTEx_RxEventCallback)
    __arm_cp.6_13                            0x08001a5c   Number         4  stm32l0xx_it.o(.text.HAL_UARTEx_RxEventCallback)
    __arm_cp.6_14                            0x08001a60   Number         4  stm32l0xx_it.o(.text.HAL_UARTEx_RxEventCallback)
    __arm_cp.6_15                            0x08001a64   Number         4  stm32l0xx_it.o(.text.HAL_UARTEx_RxEventCallback)
    __arm_cp.6_16                            0x08001a68   Number         4  stm32l0xx_it.o(.text.HAL_UARTEx_RxEventCallback)
    [Anonymous Symbol]                       0x08001a6c   Section        0  stm32l0xx_hal_uart_ex.o(.text.HAL_UARTEx_WakeupCallback)
    [Anonymous Symbol]                       0x08001a70   Section        0  stm32l0xx_it.o(.text.HAL_UART_ErrorCallback)
    [Anonymous Symbol]                       0x08001a90   Section        0  stm32l0xx_hal_uart.o(.text.HAL_UART_IRQHandler)
    __arm_cp.42_0                            0x08001d30   Number         4  stm32l0xx_hal_uart.o(.text.HAL_UART_IRQHandler)
    __arm_cp.42_1                            0x08001d34   Number         4  stm32l0xx_hal_uart.o(.text.HAL_UART_IRQHandler)
    __arm_cp.42_2                            0x08001d38   Number         4  stm32l0xx_hal_uart.o(.text.HAL_UART_IRQHandler)
    [Anonymous Symbol]                       0x08001d3c   Section        0  stm32l0xx_hal_uart.o(.text.HAL_UART_Init)
    [Anonymous Symbol]                       0x08001da8   Section        0  usart.o(.text.HAL_UART_MspInit)
    __arm_cp.1_2                             0x08001e30   Number         4  usart.o(.text.HAL_UART_MspInit)
    __arm_cp.1_3                             0x08001e34   Number         4  usart.o(.text.HAL_UART_MspInit)
    [Anonymous Symbol]                       0x08001e38   Section        0  stm32l0xx_hal_uart.o(.text.HAL_UART_RxCpltCallback)
    [Anonymous Symbol]                       0x08001e3a   Section        0  stm32l0xx_hal_uart.o(.text.HAL_UART_RxHalfCpltCallback)
    [Anonymous Symbol]                       0x08001e3c   Section        0  stm32l0xx_hal_uart.o(.text.HAL_UART_Transmit)
    __arm_cp.10_0                            0x08001f08   Number         4  stm32l0xx_hal_uart.o(.text.HAL_UART_Transmit)
    [Anonymous Symbol]                       0x08001f0c   Section        0  stm32l0xx_hal_uart.o(.text.HAL_UART_TxCpltCallback)
    [Anonymous Symbol]                       0x08001f0e   Section        0  stm32l0xx_it.o(.text.HardFault_Handler)
    [Anonymous Symbol]                       0x08001f10   Section        0  iap_bootloader.o(.text.IAP_Bootloader_FlashProgram)
    [Anonymous Symbol]                       0x08001f80   Section        0  dma.o(.text.MX_DMA_Init)
    __arm_cp.0_0                             0x08001f98   Number         4  dma.o(.text.MX_DMA_Init)
    [Anonymous Symbol]                       0x08001f9c   Section        0  gpio.o(.text.MX_GPIO_Init)
    __arm_cp.0_0                             0x08001fc4   Number         4  gpio.o(.text.MX_GPIO_Init)
    [Anonymous Symbol]                       0x08001fc8   Section        0  rtc.o(.text.MX_RTC_Init)
    __arm_cp.0_0                             0x08001ff4   Number         4  rtc.o(.text.MX_RTC_Init)
    __arm_cp.0_1                             0x08001ff8   Number         4  rtc.o(.text.MX_RTC_Init)
    [Anonymous Symbol]                       0x08001ffc   Section        0  tim.o(.text.MX_TIM6_Init)
    __arm_cp.0_0                             0x08002034   Number         4  tim.o(.text.MX_TIM6_Init)
    __arm_cp.0_1                             0x08002038   Number         4  tim.o(.text.MX_TIM6_Init)
    __arm_cp.0_2                             0x0800203c   Number         4  tim.o(.text.MX_TIM6_Init)
    __arm_cp.0_3                             0x08002040   Number         4  tim.o(.text.MX_TIM6_Init)
    [Anonymous Symbol]                       0x08002044   Section        0  usart.o(.text.MX_USART1_UART_Init)
    __arm_cp.0_0                             0x08002074   Number         4  usart.o(.text.MX_USART1_UART_Init)
    __arm_cp.0_1                             0x08002078   Number         4  usart.o(.text.MX_USART1_UART_Init)
    [Anonymous Symbol]                       0x0800207c   Section        0  stm32l0xx_it.o(.text.NMI_Handler)
    [Anonymous Symbol]                       0x0800207e   Section        0  stm32l0xx_it.o(.text.PendSV_Handler)
    [Anonymous Symbol]                       0x08002080   Section        0  stm32l0xx_hal_rtc.o(.text.RTC_EnterInitMode)
    __arm_cp.2_0                             0x080020d8   Number         4  stm32l0xx_hal_rtc.o(.text.RTC_EnterInitMode)
    [Anonymous Symbol]                       0x080020dc   Section        0  stm32l0xx_hal_rtc.o(.text.RTC_ExitInitMode)
    [Anonymous Symbol]                       0x08002108   Section        0  stm32l0xx_it.o(.text.SVC_Handler)
    [Anonymous Symbol]                       0x0800210a   Section        0  stm32l0xx_it.o(.text.SysTick_Handler)
    [Anonymous Symbol]                       0x08002114   Section        0  main.o(.text.SystemClock_Config)
    __arm_cp.2_0                             0x080021a4   Number         4  main.o(.text.SystemClock_Config)
    [Anonymous Symbol]                       0x080021a8   Section        0  system_stm32l0xx.o(.text.SystemInit)
    TIM_Base_SetConfig                       0x080021ad   Thumb Code    88  stm32l0xx_hal_tim.o(.text.TIM_Base_SetConfig)
    [Anonymous Symbol]                       0x080021ac   Section        0  stm32l0xx_hal_tim.o(.text.TIM_Base_SetConfig)
    __arm_cp.2_0                             0x08002204   Number         4  stm32l0xx_hal_tim.o(.text.TIM_Base_SetConfig)
    __arm_cp.2_1                             0x08002208   Number         4  stm32l0xx_hal_tim.o(.text.TIM_Base_SetConfig)
    [Anonymous Symbol]                       0x0800220c   Section        0  stm32l0xx_hal_uart.o(.text.UART_AdvFeatureConfig)
    [Anonymous Symbol]                       0x080022c4   Section        0  stm32l0xx_hal_uart.o(.text.UART_CheckIdleState)
    __arm_cp.4_0                             0x08002378   Number         4  stm32l0xx_hal_uart.o(.text.UART_CheckIdleState)
    UART_DMAAbortOnError                     0x0800237d   Thumb Code    22  stm32l0xx_hal_uart.o(.text.UART_DMAAbortOnError)
    [Anonymous Symbol]                       0x0800237c   Section        0  stm32l0xx_hal_uart.o(.text.UART_DMAAbortOnError)
    UART_DMAError                            0x08002393   Thumb Code    80  stm32l0xx_hal_uart.o(.text.UART_DMAError)
    [Anonymous Symbol]                       0x08002392   Section        0  stm32l0xx_hal_uart.o(.text.UART_DMAError)
    UART_DMAReceiveCplt                      0x080023e3   Thumb Code   144  stm32l0xx_hal_uart.o(.text.UART_DMAReceiveCplt)
    [Anonymous Symbol]                       0x080023e2   Section        0  stm32l0xx_hal_uart.o(.text.UART_DMAReceiveCplt)
    UART_DMARxHalfCplt                       0x08002473   Thumb Code    32  stm32l0xx_hal_uart.o(.text.UART_DMARxHalfCplt)
    [Anonymous Symbol]                       0x08002472   Section        0  stm32l0xx_hal_uart.o(.text.UART_DMARxHalfCplt)
    UART_EndRxTransfer                       0x08002493   Thumb Code    90  stm32l0xx_hal_uart.o(.text.UART_EndRxTransfer)
    [Anonymous Symbol]                       0x08002492   Section        0  stm32l0xx_hal_uart.o(.text.UART_EndRxTransfer)
    UART_EndTxTransfer                       0x080024ed   Thumb Code    32  stm32l0xx_hal_uart.o(.text.UART_EndTxTransfer)
    [Anonymous Symbol]                       0x080024ec   Section        0  stm32l0xx_hal_uart.o(.text.UART_EndTxTransfer)
    [Anonymous Symbol]                       0x0800250c   Section        0  stm32l0xx_hal_uart.o(.text.UART_SetConfig)
    __arm_cp.2_0                             0x080026b8   Number         4  stm32l0xx_hal_uart.o(.text.UART_SetConfig)
    __arm_cp.2_1                             0x080026bc   Number         4  stm32l0xx_hal_uart.o(.text.UART_SetConfig)
    __arm_cp.2_2                             0x080026c0   Number         4  stm32l0xx_hal_uart.o(.text.UART_SetConfig)
    __arm_cp.2_3                             0x080026c4   Number         4  stm32l0xx_hal_uart.o(.text.UART_SetConfig)
    __arm_cp.2_4                             0x080026c8   Number         4  stm32l0xx_hal_uart.o(.text.UART_SetConfig)
    __arm_cp.2_5                             0x080026cc   Number         4  stm32l0xx_hal_uart.o(.text.UART_SetConfig)
    __arm_cp.2_7                             0x080026e0   Number         4  stm32l0xx_hal_uart.o(.text.UART_SetConfig)
    __arm_cp.2_8                             0x080026e4   Number         4  stm32l0xx_hal_uart.o(.text.UART_SetConfig)
    __arm_cp.2_9                             0x080026e8   Number         4  stm32l0xx_hal_uart.o(.text.UART_SetConfig)
    __arm_cp.2_10                            0x080026ec   Number         4  stm32l0xx_hal_uart.o(.text.UART_SetConfig)
    __arm_cp.2_11                            0x080026f0   Number         4  stm32l0xx_hal_uart.o(.text.UART_SetConfig)
    [Anonymous Symbol]                       0x080026f4   Section        0  stm32l0xx_hal_uart.o(.text.UART_Start_Receive_DMA)
    __arm_cp.23_0                            0x08002788   Number         4  stm32l0xx_hal_uart.o(.text.UART_Start_Receive_DMA)
    __arm_cp.23_1                            0x0800278c   Number         4  stm32l0xx_hal_uart.o(.text.UART_Start_Receive_DMA)
    __arm_cp.23_2                            0x08002790   Number         4  stm32l0xx_hal_uart.o(.text.UART_Start_Receive_DMA)
    [Anonymous Symbol]                       0x08002794   Section        0  stm32l0xx_hal_uart.o(.text.UART_WaitOnFlagUntilTimeout)
    [Anonymous Symbol]                       0x08002818   Section        0  stm32l0xx_it.o(.text.USART1_IRQHandler)
    __NVIC_SetPriority                       0x08002825   Thumb Code    56  stm32l0xx_hal_cortex.o(.text.__NVIC_SetPriority)
    [Anonymous Symbol]                       0x08002824   Section        0  stm32l0xx_hal_cortex.o(.text.__NVIC_SetPriority)
    __arm_cp.1_0                             0x0800285c   Number         4  stm32l0xx_hal_cortex.o(.text.__NVIC_SetPriority)
    __arm_cp.1_1                             0x08002860   Number         4  stm32l0xx_hal_cortex.o(.text.__NVIC_SetPriority)
    __NVIC_SystemReset                       0x08002865   Thumb Code    20  stm32l0xx_it.o(.text.__NVIC_SystemReset)
    [Anonymous Symbol]                       0x08002864   Section        0  stm32l0xx_it.o(.text.__NVIC_SystemReset)
    __arm_cp.7_0                             0x08002878   Number         4  stm32l0xx_it.o(.text.__NVIC_SystemReset)
    __arm_cp.7_1                             0x0800287c   Number         4  stm32l0xx_it.o(.text.__NVIC_SystemReset)
    [Anonymous Symbol]                       0x08002880   Section        0  main.o(.text.fputc)
    [Anonymous Symbol]                       0x08002898   Section        0  iap_bootloader.o(.text.iap_load_app)
    __arm_cp.0_1                             0x0800293c   Number         4  iap_bootloader.o(.text.iap_load_app)
    __arm_cp.0_3                             0x08002960   Number         4  iap_bootloader.o(.text.iap_load_app)
    __arm_cp.0_6                             0x08002998   Number         4  iap_bootloader.o(.text.iap_load_app)
    __arm_cp.0_7                             0x0800299c   Number         4  iap_bootloader.o(.text.iap_load_app)
    __arm_cp.0_8                             0x080029a0   Number         4  iap_bootloader.o(.text.iap_load_app)
    __arm_cp.0_9                             0x080029a4   Number         4  iap_bootloader.o(.text.iap_load_app)
    [Anonymous Symbol]                       0x080029a8   Section        0  main.o(.text.main)
    __arm_cp.1_0                             0x08002a08   Number         4  main.o(.text.main)
    __arm_cp.1_1                             0x08002a0c   Number         4  main.o(.text.main)
    __arm_cp.1_2                             0x08002a10   Number         4  main.o(.text.main)
    __arm_cp.1_3                             0x08002a14   Number         4  main.o(.text.main)
    __arm_cp.1_4                             0x08002a18   Number         4  main.o(.text.main)
    __arm_cp.1_5                             0x08002a1c   Number         4  main.o(.text.main)
    __arm_cp.1_8                             0x08002a58   Number         4  main.o(.text.main)
    __arm_cp.1_9                             0x08002a5c   Number         4  main.o(.text.main)
    __arm_cp.1_10                            0x08002a60   Number         4  main.o(.text.main)
    i.__0printf                              0x08002aa0   Section        0  printfa.o(i.__0printf)
    i.__ARM_clz                              0x08002ac0   Section        0  depilogue.o(i.__ARM_clz)
    i.__scatterload_copy                     0x08002aee   Section       14  handlers.o(i.__scatterload_copy)
    i.__scatterload_null                     0x08002afc   Section        2  handlers.o(i.__scatterload_null)
    i.__scatterload_zeroinit                 0x08002afe   Section       14  handlers.o(i.__scatterload_zeroinit)
    _fp_digits                               0x08002b0d   Thumb Code   344  printfa.o(i._fp_digits)
    i._fp_digits                             0x08002b0c   Section        0  printfa.o(i._fp_digits)
    _printf_core                             0x08002c81   Thumb Code  1754  printfa.o(i._printf_core)
    i._printf_core                           0x08002c80   Section        0  printfa.o(i._printf_core)
    _printf_post_padding                     0x0800336d   Thumb Code    32  printfa.o(i._printf_post_padding)
    i._printf_post_padding                   0x0800336c   Section        0  printfa.o(i._printf_post_padding)
    _printf_pre_padding                      0x0800338d   Thumb Code    44  printfa.o(i._printf_pre_padding)
    i._printf_pre_padding                    0x0800338c   Section        0  printfa.o(i._printf_pre_padding)
    i.puts                                   0x080033b8   Section        0  puts.o(i.puts)
    [Anonymous Symbol]                       0x080033fc   Section        0  stm32l0xx_hal_uart.o(.rodata.cst16)
    [Anonymous Symbol]                       0x0800340c   Section        0  main.o(.rodata.str1.1)
    [Anonymous Symbol]                       0x08003470   Section        0  stm32l0xx_it.o(.rodata.str1.1)
    .data                                    0x20000000   Section        4  stdout.o(.data)
    [Anonymous Symbol]                       0x20000004   Section        0  stm32l0xx_hal.o(.data..L_MergedGlobals)
    [Anonymous Symbol]                       0x20000010   Section        0  iap_bootloader.o(.bss..L_MergedGlobals)
    STACK                                    0x20001bf8   Section     1024  startup_stm32l051xx.o(STACK)

    Global Symbols

    Symbol Name                              Value     Ov Type        Size  Object(Section)

    BuildAttributes$$THM_ISAv3M$S$PE$A:L22$X:L11$S22$IEEE1$IW$~IW$USESV6$~STKCKD$USESV7$~SHL$OSPACE$ROPI$EBA8$MICROLIB$REQ8$PRES8$EABIv2 0x00000000   Number         0  anon$$obj.o ABSOLUTE
    _printf_a                                0x00000000   Number         0  printfstubs.o ABSOLUTE
    _printf_c                                0x00000000   Number         0  printfstubs.o ABSOLUTE
    _printf_charcount                        0x00000000   Number         0  printfstubs.o ABSOLUTE
    _printf_d                                0x00000000   Number         0  printfstubs.o ABSOLUTE
    _printf_e                                0x00000000   Number         0  printfstubs.o ABSOLUTE
    _printf_f                                0x00000000   Number         0  printfstubs.o ABSOLUTE
    _printf_flags                            0x00000000   Number         0  printfstubs.o ABSOLUTE
    _printf_fp_dec                           0x00000000   Number         0  printfstubs.o ABSOLUTE
    _printf_fp_hex                           0x00000000   Number         0  printfstubs.o ABSOLUTE
    _printf_g                                0x00000000   Number         0  printfstubs.o ABSOLUTE
    _printf_i                                0x00000000   Number         0  printfstubs.o ABSOLUTE
    _printf_int_dec                          0x00000000   Number         0  printfstubs.o ABSOLUTE
    _printf_l                                0x00000000   Number         0  printfstubs.o ABSOLUTE
    _printf_lc                               0x00000000   Number         0  printfstubs.o ABSOLUTE
    _printf_ll                               0x00000000   Number         0  printfstubs.o ABSOLUTE
    _printf_lld                              0x00000000   Number         0  printfstubs.o ABSOLUTE
    _printf_lli                              0x00000000   Number         0  printfstubs.o ABSOLUTE
    _printf_llo                              0x00000000   Number         0  printfstubs.o ABSOLUTE
    _printf_llu                              0x00000000   Number         0  printfstubs.o ABSOLUTE
    _printf_llx                              0x00000000   Number         0  printfstubs.o ABSOLUTE
    _printf_longlong_dec                     0x00000000   Number         0  printfstubs.o ABSOLUTE
    _printf_longlong_hex                     0x00000000   Number         0  printfstubs.o ABSOLUTE
    _printf_longlong_oct                     0x00000000   Number         0  printfstubs.o ABSOLUTE
    _printf_ls                               0x00000000   Number         0  printfstubs.o ABSOLUTE
    _printf_mbtowc                           0x00000000   Number         0  printfstubs.o ABSOLUTE
    _printf_n                                0x00000000   Number         0  printfstubs.o ABSOLUTE
    _printf_o                                0x00000000   Number         0  printfstubs.o ABSOLUTE
    _printf_p                                0x00000000   Number         0  printfstubs.o ABSOLUTE
    _printf_percent                          0x00000000   Number         0  printfstubs.o ABSOLUTE
    _printf_pre_padding                      0x00000000   Number         0  printfstubs.o ABSOLUTE
    _printf_return_value                     0x00000000   Number         0  printfstubs.o ABSOLUTE
    _printf_s                                0x00000000   Number         0  printfstubs.o ABSOLUTE
    _printf_sizespec                         0x00000000   Number         0  printfstubs.o ABSOLUTE
    _printf_str                              0x00000000   Number         0  printfstubs.o ABSOLUTE
    _printf_truncate_signed                  0x00000000   Number         0  printfstubs.o ABSOLUTE
    _printf_truncate_unsigned                0x00000000   Number         0  printfstubs.o ABSOLUTE
    _printf_u                                0x00000000   Number         0  printfstubs.o ABSOLUTE
    _printf_wc                               0x00000000   Number         0  printfstubs.o ABSOLUTE
    _printf_wctomb                           0x00000000   Number         0  printfstubs.o ABSOLUTE
    _printf_widthprec                        0x00000000   Number         0  printfstubs.o ABSOLUTE
    _printf_x                                0x00000000   Number         0  printfstubs.o ABSOLUTE
    __cpp_initialize__aeabi_                  - Undefined Weak Reference
    __cxa_finalize                            - Undefined Weak Reference
    __decompress                              - Undefined Weak Reference
    _clock_init                               - Undefined Weak Reference
    _microlib_exit                            - Undefined Weak Reference
    __Vectors_Size                           0x000000c0   Number         0  startup_stm32l051xx.o ABSOLUTE
    __Vectors                                0x08000000   Data           4  startup_stm32l051xx.o(RESET)
    __Vectors_End                            0x080000c0   Data           0  startup_stm32l051xx.o(RESET)
    __main                                   0x080000c1   Thumb Code     0  entry.o(.ARM.Collect$$$$00000000)
    _main_stk                                0x080000c1   Thumb Code     0  entry2.o(.ARM.Collect$$$$00000001)
    _main_scatterload                        0x080000c5   Thumb Code     0  entry5.o(.ARM.Collect$$$$00000004)
    __main_after_scatterload                 0x080000c9   Thumb Code     0  entry5.o(.ARM.Collect$$$$00000004)
    _main_clock                              0x080000c9   Thumb Code     0  entry7b.o(.ARM.Collect$$$$00000008)
    _main_cpp_init                           0x080000c9   Thumb Code     0  entry8b.o(.ARM.Collect$$$$0000000A)
    _main_init                               0x080000c9   Thumb Code     0  entry9a.o(.ARM.Collect$$$$0000000B)
    __rt_final_cpp                           0x080000d1   Thumb Code     0  entry10a.o(.ARM.Collect$$$$0000000D)
    __rt_final_exit                          0x080000d1   Thumb Code     0  entry11a.o(.ARM.Collect$$$$0000000F)
    Reset_Handler                            0x080000d5   Thumb Code     8  startup_stm32l051xx.o(.text)
    ADC1_COMP_IRQHandler                     0x080000e7   Thumb Code     0  startup_stm32l051xx.o(.text)
    DMA1_Channel1_IRQHandler                 0x080000e7   Thumb Code     0  startup_stm32l051xx.o(.text)
    DMA1_Channel2_3_IRQHandler               0x080000e7   Thumb Code     0  startup_stm32l051xx.o(.text)
    DMA1_Channel4_5_6_7_IRQHandler           0x080000e7   Thumb Code     0  startup_stm32l051xx.o(.text)
    EXTI0_1_IRQHandler                       0x080000e7   Thumb Code     0  startup_stm32l051xx.o(.text)
    EXTI2_3_IRQHandler                       0x080000e7   Thumb Code     0  startup_stm32l051xx.o(.text)
    EXTI4_15_IRQHandler                      0x080000e7   Thumb Code     0  startup_stm32l051xx.o(.text)
    FLASH_IRQHandler                         0x080000e7   Thumb Code     0  startup_stm32l051xx.o(.text)
    I2C1_IRQHandler                          0x080000e7   Thumb Code     0  startup_stm32l051xx.o(.text)
    I2C2_IRQHandler                          0x080000e7   Thumb Code     0  startup_stm32l051xx.o(.text)
    LPTIM1_IRQHandler                        0x080000e7   Thumb Code     0  startup_stm32l051xx.o(.text)
    LPUART1_IRQHandler                       0x080000e7   Thumb Code     0  startup_stm32l051xx.o(.text)
    PVD_IRQHandler                           0x080000e7   Thumb Code     0  startup_stm32l051xx.o(.text)
    RCC_IRQHandler                           0x080000e7   Thumb Code     0  startup_stm32l051xx.o(.text)
    RTC_IRQHandler                           0x080000e7   Thumb Code     0  startup_stm32l051xx.o(.text)
    SPI1_IRQHandler                          0x080000e7   Thumb Code     0  startup_stm32l051xx.o(.text)
    SPI2_IRQHandler                          0x080000e7   Thumb Code     0  startup_stm32l051xx.o(.text)
    TIM21_IRQHandler                         0x080000e7   Thumb Code     0  startup_stm32l051xx.o(.text)
    TIM22_IRQHandler                         0x080000e7   Thumb Code     0  startup_stm32l051xx.o(.text)
    TIM2_IRQHandler                          0x080000e7   Thumb Code     0  startup_stm32l051xx.o(.text)
    TIM6_IRQHandler                          0x080000e7   Thumb Code     0  startup_stm32l051xx.o(.text)
    USART2_IRQHandler                        0x080000e7   Thumb Code     0  startup_stm32l051xx.o(.text)
    WWDG_IRQHandler                          0x080000e7   Thumb Code     0  startup_stm32l051xx.o(.text)
    __aeabi_uldivmod                         0x080000f1   Thumb Code    96  uldiv.o(.text)
    __aeabi_memset                           0x08000151   Thumb Code    14  memseta.o(.text)
    __aeabi_memset4                          0x08000151   Thumb Code     0  memseta.o(.text)
    __aeabi_memset8                          0x08000151   Thumb Code     0  memseta.o(.text)
    __aeabi_memclr                           0x0800015f   Thumb Code     4  memseta.o(.text)
    __aeabi_memclr4                          0x0800015f   Thumb Code     0  memseta.o(.text)
    __aeabi_memclr8                          0x0800015f   Thumb Code     0  memseta.o(.text)
    _memset$wrapper                          0x08000163   Thumb Code    18  memseta.o(.text)
    __aeabi_dmul                             0x08000175   Thumb Code   202  dmul.o(.text)
    __aeabi_ui2d                             0x08000245   Thumb Code    24  dfltui.o(.text)
    __aeabi_uidiv                            0x08000261   Thumb Code     0  uidiv_div0.o(.text)
    __aeabi_uidivmod                         0x08000261   Thumb Code    62  uidiv_div0.o(.text)
    __aeabi_llsl                             0x0800029f   Thumb Code    32  llshl.o(.text)
    _ll_shift_l                              0x0800029f   Thumb Code     0  llshl.o(.text)
    __aeabi_llsr                             0x080002bf   Thumb Code    34  llushr.o(.text)
    _ll_ushift_r                             0x080002bf   Thumb Code     0  llushr.o(.text)
    __I$use$fp                               0x080002e1   Thumb Code     0  iusefp.o(.text)
    _double_round                            0x080002e1   Thumb Code    26  depilogue.o(.text)
    _double_epilogue                         0x080002fb   Thumb Code   164  depilogue.o(.text)
    __aeabi_dadd                             0x080003a1   Thumb Code   328  dadd.o(.text)
    __aeabi_dsub                             0x080004e9   Thumb Code    12  dadd.o(.text)
    __aeabi_drsub                            0x080004f5   Thumb Code    12  dadd.o(.text)
    __aeabi_ddiv                             0x08000505   Thumb Code   234  ddiv.o(.text)
    __aeabi_d2ulz                            0x080005f5   Thumb Code    54  dfixul.o(.text)
    __aeabi_cdrcmple                         0x08000635   Thumb Code    38  cdrcmple.o(.text)
    __scatterload                            0x0800065d   Thumb Code    28  init.o(.text)
    __scatterload_rt2                        0x0800065d   Thumb Code     0  init.o(.text)
    __aeabi_lasr                             0x08000681   Thumb Code    38  llsshr.o(.text)
    _ll_sshift_r                             0x08000681   Thumb Code     0  llsshr.o(.text)
    Error_Handler                            0x080006d1   Thumb Code     8  main.o(.text.Error_Handler)
    FLASH_Erase_Page                         0x080006e5   Thumb Code    60  flash.o(.text.FLASH_Erase_Page)
    FLASH_PageErase                          0x08000755   Thumb Code    36  stm32l0xx_hal_flash_ex.o(.text.FLASH_PageErase)
    FLASH_WaitForLastOperation               0x0800080d   Thumb Code   108  stm32l0xx_hal_flash.o(.text.FLASH_WaitForLastOperation)
    HAL_DMA_Abort                            0x0800087d   Thumb Code    64  stm32l0xx_hal_dma.o(.text.HAL_DMA_Abort)
    HAL_DMA_Abort_IT                         0x080008bd   Thumb Code    72  stm32l0xx_hal_dma.o(.text.HAL_DMA_Abort_IT)
    HAL_DMA_Init                             0x08000905   Thumb Code   144  stm32l0xx_hal_dma.o(.text.HAL_DMA_Init)
    HAL_DMA_Start_IT                         0x080009a5   Thumb Code    94  stm32l0xx_hal_dma.o(.text.HAL_DMA_Start_IT)
    HAL_FLASHEx_Erase                        0x08000a05   Thumb Code   112  stm32l0xx_hal_flash_ex.o(.text.HAL_FLASHEx_Erase)
    HAL_FLASH_GetError                       0x08000a75   Thumb Code     8  stm32l0xx_hal_flash.o(.text.HAL_FLASH_GetError)
    HAL_FLASH_Lock                           0x08000a7d   Thumb Code    24  stm32l0xx_hal_flash.o(.text.HAL_FLASH_Lock)
    HAL_FLASH_Program                        0x08000a95   Thumb Code    52  stm32l0xx_hal_flash.o(.text.HAL_FLASH_Program)
    HAL_FLASH_Unlock                         0x08000ad1   Thumb Code    80  stm32l0xx_hal_flash.o(.text.HAL_FLASH_Unlock)
    HAL_GPIO_Init                            0x08000b35   Thumb Code   360  stm32l0xx_hal_gpio.o(.text.HAL_GPIO_Init)
    HAL_GetTick                              0x08000ca9   Thumb Code     8  stm32l0xx_hal.o(.text.HAL_GetTick)
    HAL_IncTick                              0x08000cb1   Thumb Code    16  stm32l0xx_hal.o(.text.HAL_IncTick)
    HAL_Init                                 0x08000cc5   Thumb Code    36  stm32l0xx_hal.o(.text.HAL_Init)
    HAL_InitTick                             0x08000ce9   Thumb Code    60  stm32l0xx_hal.o(.text.HAL_InitTick)
    HAL_MspInit                              0x08000d29   Thumb Code    20  stm32l0xx_hal_msp.o(.text.HAL_MspInit)
    HAL_NVIC_EnableIRQ                       0x08000d41   Thumb Code    20  stm32l0xx_hal_cortex.o(.text.HAL_NVIC_EnableIRQ)
    HAL_NVIC_SetPriority                     0x08000d59   Thumb Code     8  stm32l0xx_hal_cortex.o(.text.HAL_NVIC_SetPriority)
    HAL_RCCEx_PeriphCLKConfig                0x08000d61   Thumb Code   340  stm32l0xx_hal_rcc_ex.o(.text.HAL_RCCEx_PeriphCLKConfig)
    HAL_RCC_ClockConfig                      0x08000eb9   Thumb Code   388  stm32l0xx_hal_rcc.o(.text.HAL_RCC_ClockConfig)
    HAL_RCC_DeInit                           0x08001049   Thumb Code   184  stm32l0xx_hal_rcc.o(.text.HAL_RCC_DeInit)
    HAL_RCC_GetPCLK1Freq                     0x08001119   Thumb Code    20  stm32l0xx_hal_rcc.o(.text.HAL_RCC_GetPCLK1Freq)
    HAL_RCC_GetPCLK2Freq                     0x0800112d   Thumb Code    20  stm32l0xx_hal_rcc.o(.text.HAL_RCC_GetPCLK2Freq)
    HAL_RCC_GetSysClockFreq                  0x0800114d   Thumb Code    92  stm32l0xx_hal_rcc.o(.text.HAL_RCC_GetSysClockFreq)
    HAL_RCC_OscConfig                        0x080011bd   Thumb Code  1136  stm32l0xx_hal_rcc.o(.text.HAL_RCC_OscConfig)
    HAL_RTCEx_BKUPRead                       0x08001641   Thumb Code    10  stm32l0xx_hal_rtc_ex.o(.text.HAL_RTCEx_BKUPRead)
    HAL_RTCEx_BKUPWrite                      0x0800164b   Thumb Code    10  stm32l0xx_hal_rtc_ex.o(.text.HAL_RTCEx_BKUPWrite)
    HAL_RTC_Init                             0x08001655   Thumb Code   156  stm32l0xx_hal_rtc.o(.text.HAL_RTC_Init)
    HAL_RTC_MspInit                          0x080016f5   Thumb Code    24  rtc.o(.text.HAL_RTC_MspInit)
    HAL_RTC_WaitForSynchro                   0x08001715   Thumb Code    44  stm32l0xx_hal_rtc.o(.text.HAL_RTC_WaitForSynchro)
    HAL_SYSTICK_Config                       0x08001749   Thumb Code    40  stm32l0xx_hal_cortex.o(.text.HAL_SYSTICK_Config)
    HAL_TIMEx_MasterConfigSynchronization    0x0800177d   Thumb Code    76  stm32l0xx_hal_tim_ex.o(.text.HAL_TIMEx_MasterConfigSynchronization)
    HAL_TIM_Base_Init                        0x080017c9   Thumb Code    62  stm32l0xx_hal_tim.o(.text.HAL_TIM_Base_Init)
    HAL_TIM_Base_MspInit                     0x08001809   Thumb Code    24  tim.o(.text.HAL_TIM_Base_MspInit)
    HAL_TIM_Base_Start                       0x08001829   Thumb Code    72  stm32l0xx_hal_tim.o(.text.HAL_TIM_Base_Start)
    HAL_TIM_Base_Stop                        0x08001879   Thumb Code    28  stm32l0xx_hal_tim.o(.text.HAL_TIM_Base_Stop)
    HAL_UARTEx_ReceiveToIdle_DMA             0x08001899   Thumb Code   108  stm32l0xx_hal_uart_ex.o(.text.HAL_UARTEx_ReceiveToIdle_DMA)
    HAL_UARTEx_RxEventCallback               0x08001905   Thumb Code   172  stm32l0xx_it.o(.text.HAL_UARTEx_RxEventCallback)
    HAL_UARTEx_WakeupCallback                0x08001a6d   Thumb Code     2  stm32l0xx_hal_uart_ex.o(.text.HAL_UARTEx_WakeupCallback)
    HAL_UART_ErrorCallback                   0x08001a71   Thumb Code    16  stm32l0xx_it.o(.text.HAL_UART_ErrorCallback)
    HAL_UART_IRQHandler                      0x08001a91   Thumb Code   672  stm32l0xx_hal_uart.o(.text.HAL_UART_IRQHandler)
    HAL_UART_Init                            0x08001d3d   Thumb Code   106  stm32l0xx_hal_uart.o(.text.HAL_UART_Init)
    HAL_UART_MspInit                         0x08001da9   Thumb Code   136  usart.o(.text.HAL_UART_MspInit)
    HAL_UART_RxCpltCallback                  0x08001e39   Thumb Code     2  stm32l0xx_hal_uart.o(.text.HAL_UART_RxCpltCallback)
    HAL_UART_RxHalfCpltCallback              0x08001e3b   Thumb Code     2  stm32l0xx_hal_uart.o(.text.HAL_UART_RxHalfCpltCallback)
    HAL_UART_Transmit                        0x08001e3d   Thumb Code   204  stm32l0xx_hal_uart.o(.text.HAL_UART_Transmit)
    HAL_UART_TxCpltCallback                  0x08001f0d   Thumb Code     2  stm32l0xx_hal_uart.o(.text.HAL_UART_TxCpltCallback)
    HardFault_Handler                        0x08001f0f   Thumb Code     2  stm32l0xx_it.o(.text.HardFault_Handler)
    IAP_Bootloader_FlashProgram              0x08001f11   Thumb Code    84  iap_bootloader.o(.text.IAP_Bootloader_FlashProgram)
    MX_DMA_Init                              0x08001f81   Thumb Code    24  dma.o(.text.MX_DMA_Init)
    MX_GPIO_Init                             0x08001f9d   Thumb Code    40  gpio.o(.text.MX_GPIO_Init)
    MX_RTC_Init                              0x08001fc9   Thumb Code    44  rtc.o(.text.MX_RTC_Init)
    MX_TIM6_Init                             0x08001ffd   Thumb Code    56  tim.o(.text.MX_TIM6_Init)
    MX_USART1_UART_Init                      0x08002045   Thumb Code    48  usart.o(.text.MX_USART1_UART_Init)
    NMI_Handler                              0x0800207d   Thumb Code     2  stm32l0xx_it.o(.text.NMI_Handler)
    PendSV_Handler                           0x0800207f   Thumb Code     2  stm32l0xx_it.o(.text.PendSV_Handler)
    RTC_EnterInitMode                        0x08002081   Thumb Code    88  stm32l0xx_hal_rtc.o(.text.RTC_EnterInitMode)
    RTC_ExitInitMode                         0x080020dd   Thumb Code    44  stm32l0xx_hal_rtc.o(.text.RTC_ExitInitMode)
    SVC_Handler                              0x08002109   Thumb Code     2  stm32l0xx_it.o(.text.SVC_Handler)
    SysTick_Handler                          0x0800210b   Thumb Code     8  stm32l0xx_it.o(.text.SysTick_Handler)
    SystemClock_Config                       0x08002115   Thumb Code   144  main.o(.text.SystemClock_Config)
    SystemInit                               0x080021a9   Thumb Code     2  system_stm32l0xx.o(.text.SystemInit)
    UART_AdvFeatureConfig                    0x0800220d   Thumb Code   184  stm32l0xx_hal_uart.o(.text.UART_AdvFeatureConfig)
    UART_CheckIdleState                      0x080022c5   Thumb Code   180  stm32l0xx_hal_uart.o(.text.UART_CheckIdleState)
    UART_SetConfig                           0x0800250d   Thumb Code   428  stm32l0xx_hal_uart.o(.text.UART_SetConfig)
    UART_Start_Receive_DMA                   0x080026f5   Thumb Code   148  stm32l0xx_hal_uart.o(.text.UART_Start_Receive_DMA)
    UART_WaitOnFlagUntilTimeout              0x08002795   Thumb Code   132  stm32l0xx_hal_uart.o(.text.UART_WaitOnFlagUntilTimeout)
    USART1_IRQHandler                        0x08002819   Thumb Code    12  stm32l0xx_it.o(.text.USART1_IRQHandler)
    fputc                                    0x08002881   Thumb Code    24  main.o(.text.fputc)
    iap_load_app                             0x08002899   Thumb Code   124  iap_bootloader.o(.text.iap_load_app)
    main                                     0x080029a9   Thumb Code    96  main.o(.text.main)
    __0printf                                0x08002aa1   Thumb Code    24  printfa.o(i.__0printf)
    __1printf                                0x08002aa1   Thumb Code     0  printfa.o(i.__0printf)
    __2printf                                0x08002aa1   Thumb Code     0  printfa.o(i.__0printf)
    __c89printf                              0x08002aa1   Thumb Code     0  printfa.o(i.__0printf)
    printf                                   0x08002aa1   Thumb Code     0  printfa.o(i.__0printf)
    __ARM_clz                                0x08002ac1   Thumb Code    46  depilogue.o(i.__ARM_clz)
    __scatterload_copy                       0x08002aef   Thumb Code    14  handlers.o(i.__scatterload_copy)
    __scatterload_null                       0x08002afd   Thumb Code     2  handlers.o(i.__scatterload_null)
    __scatterload_zeroinit                   0x08002aff   Thumb Code    14  handlers.o(i.__scatterload_zeroinit)
    puts                                     0x080033b9   Thumb Code    28  puts.o(i.puts)
    AHBPrescTable                            0x080033d8   Data          16  system_stm32l0xx.o(.rodata.AHBPrescTable)
    APBPrescTable                            0x080033e8   Data           8  system_stm32l0xx.o(.rodata.APBPrescTable)
    PLLMulTable                              0x080033f0   Data           9  system_stm32l0xx.o(.rodata.PLLMulTable)
    Region$$Table$$Base                      0x08003510   Number         0  anon$$obj.o(Region$$Table)
    Region$$Table$$Limit                     0x08003530   Number         0  anon$$obj.o(Region$$Table)
    __stdout                                 0x20000000   Data           4  stdout.o(.data)
    uwTickFreq                               0x20000004   Data           1  stm32l0xx_hal.o(.data..L_MergedGlobals)
    uwTickPrio                               0x20000008   Data           4  stm32l0xx_hal.o(.data..L_MergedGlobals)
    SystemCoreClock                          0x2000000c   Data           4  system_stm32l0xx.o(.data.SystemCoreClock)
    JumpAddress                              0x20000010   Data           4  iap_bootloader.o(.bss..L_MergedGlobals)
    JumpToApplication                        0x20000014   Data           4  iap_bootloader.o(.bss..L_MergedGlobals)
    hdma_usart1_rx                           0x20000018   Data          72  usart.o(.bss.hdma_usart1_rx)
    hrtc                                     0x20000060   Data          36  rtc.o(.bss.hrtc)
    htim6                                    0x20000084   Data          64  tim.o(.bss.htim6)
    huart1                                   0x200000c4   Data         136  usart.o(.bss.huart1)
    pFlash                                   0x2000014c   Data          24  stm32l0xx_hal_flash.o(.bss.pFlash)
    uart1RxBuff                              0x20000164   Data        6800  main.o(.bss.uart1RxBuff)
    uwTick                                   0x20001bf4   Data           4  stm32l0xx_hal.o(.bss.uwTick)
    __initial_sp                             0x20001ff8   Data           0  startup_stm32l051xx.o(STACK)



==============================================================================

Memory Map of the image

  Image Entry point : 0x080000c1

  Load Region LR_IROM1 (Base: 0x08000000, Size: 0x00003540, Max: 0x00004000, ABSOLUTE)

    Execution Region ER_IROM1 (Exec base: 0x08000000, Load base: 0x08000000, Size: 0x00003530, Max: 0x00004000, ABSOLUTE)

    Exec Addr    Load Addr    Size         Type   Attr      Idx    E Section Name        Object

    0x08000000   0x08000000   0x000000c0   Data   RO            3    RESET               startup_stm32l051xx.o
    0x080000c0   0x080000c0   0x00000000   Code   RO         1326  * .ARM.Collect$$$$00000000  mc_p.l(entry.o)
    0x080000c0   0x080000c0   0x00000004   Code   RO         1606    .ARM.Collect$$$$00000001  mc_p.l(entry2.o)
    0x080000c4   0x080000c4   0x00000004   Code   RO         1609    .ARM.Collect$$$$00000004  mc_p.l(entry5.o)
    0x080000c8   0x080000c8   0x00000000   Code   RO         1611    .ARM.Collect$$$$00000008  mc_p.l(entry7b.o)
    0x080000c8   0x080000c8   0x00000000   Code   RO         1613    .ARM.Collect$$$$0000000A  mc_p.l(entry8b.o)
    0x080000c8   0x080000c8   0x00000008   Code   RO         1614    .ARM.Collect$$$$0000000B  mc_p.l(entry9a.o)
    0x080000d0   0x080000d0   0x00000000   Code   RO         1616    .ARM.Collect$$$$0000000D  mc_p.l(entry10a.o)
    0x080000d0   0x080000d0   0x00000000   Code   RO         1618    .ARM.Collect$$$$0000000F  mc_p.l(entry11a.o)
    0x080000d0   0x080000d0   0x00000004   Code   RO         1607    .ARM.Collect$$$$00002712  mc_p.l(entry2.o)
    0x080000d4   0x080000d4   0x0000001c   Code   RO            4    .text               startup_stm32l051xx.o
    0x080000f0   0x080000f0   0x00000060   Code   RO         1337    .text               mc_p.l(uldiv.o)
    0x08000150   0x08000150   0x00000024   Code   RO         1339    .text               mc_p.l(memseta.o)
    0x08000174   0x08000174   0x000000d0   Code   RO         1602    .text               mf_p.l(dmul.o)
    0x08000244   0x08000244   0x0000001c   Code   RO         1604    .text               mf_p.l(dfltui.o)
    0x08000260   0x08000260   0x0000003e   Code   RO         1623    .text               mc_p.l(uidiv_div0.o)
    0x0800029e   0x0800029e   0x00000020   Code   RO         1629    .text               mc_p.l(llshl.o)
    0x080002be   0x080002be   0x00000022   Code   RO         1631    .text               mc_p.l(llushr.o)
    0x080002e0   0x080002e0   0x00000000   Code   RO         1633    .text               mc_p.l(iusefp.o)
    0x080002e0   0x080002e0   0x000000be   Code   RO         1634    .text               mf_p.l(depilogue.o)
    0x0800039e   0x0800039e   0x00000002   PAD
    0x080003a0   0x080003a0   0x00000164   Code   RO         1638    .text               mf_p.l(dadd.o)
    0x08000504   0x08000504   0x000000f0   Code   RO         1640    .text               mf_p.l(ddiv.o)
    0x080005f4   0x080005f4   0x00000040   Code   RO         1642    .text               mf_p.l(dfixul.o)
    0x08000634   0x08000634   0x00000028   Code   RO         1644    .text               mf_p.l(cdrcmple.o)
    0x0800065c   0x0800065c   0x00000024   Code   RO         1646    .text               mc_p.l(init.o)
    0x08000680   0x08000680   0x00000026   Code   RO         1648    .text               mc_p.l(llsshr.o)
    0x080006a6   0x080006a6   0x0000002a   Code   RO          729    .text.DMA_SetConfig  stm32l0xx_hal_dma.o
    0x080006d0   0x080006d0   0x00000014   Code   RO           46    .text.Error_Handler  main.o
    0x080006e4   0x080006e4   0x00000070   Code   RO           13    .text.FLASH_Erase_Page  flash.o
    0x08000754   0x08000754   0x00000024   Code   RO          661    .text.FLASH_PageErase  stm32l0xx_hal_flash_ex.o
    0x08000778   0x08000778   0x00000094   Code   RO          632    .text.FLASH_SetErrorCode  stm32l0xx_hal_flash.o
    0x0800080c   0x0800080c   0x00000070   Code   RO          626    .text.FLASH_WaitForLastOperation  stm32l0xx_hal_flash.o
    0x0800087c   0x0800087c   0x00000040   Code   RO          733    .text.HAL_DMA_Abort  stm32l0xx_hal_dma.o
    0x080008bc   0x080008bc   0x00000048   Code   RO          735    .text.HAL_DMA_Abort_IT  stm32l0xx_hal_dma.o
    0x08000904   0x08000904   0x000000a0   Code   RO          723    .text.HAL_DMA_Init  stm32l0xx_hal_dma.o
    0x080009a4   0x080009a4   0x0000005e   Code   RO          731    .text.HAL_DMA_Start_IT  stm32l0xx_hal_dma.o
    0x08000a02   0x08000a02   0x00000002   PAD
    0x08000a04   0x08000a04   0x00000070   Code   RO          659    .text.HAL_FLASHEx_Erase  stm32l0xx_hal_flash_ex.o
    0x08000a74   0x08000a74   0x00000008   Code   RO          648    .text.HAL_FLASH_GetError  stm32l0xx_hal_flash.o
    0x08000a7c   0x08000a7c   0x00000018   Code   RO          640    .text.HAL_FLASH_Lock  stm32l0xx_hal_flash.o
    0x08000a94   0x08000a94   0x0000003c   Code   RO          624    .text.HAL_FLASH_Program  stm32l0xx_hal_flash.o
    0x08000ad0   0x08000ad0   0x00000064   Code   RO          638    .text.HAL_FLASH_Unlock  stm32l0xx_hal_flash.o
    0x08000b34   0x08000b34   0x00000174   Code   RO          699    .text.HAL_GPIO_Init  stm32l0xx_hal_gpio.o
    0x08000ca8   0x08000ca8   0x00000008   Code   RO          302    .text.HAL_GetTick   stm32l0xx_hal.o
    0x08000cb0   0x08000cb0   0x00000014   Code   RO          300    .text.HAL_IncTick   stm32l0xx_hal.o
    0x08000cc4   0x08000cc4   0x00000024   Code   RO          290    .text.HAL_Init      stm32l0xx_hal.o
    0x08000ce8   0x08000ce8   0x00000040   Code   RO          292    .text.HAL_InitTick  stm32l0xx_hal.o
    0x08000d28   0x08000d28   0x00000018   Code   RO          148    .text.HAL_MspInit   stm32l0xx_hal_msp.o
    0x08000d40   0x08000d40   0x00000018   Code   RO          825    .text.HAL_NVIC_EnableIRQ  stm32l0xx_hal_cortex.o
    0x08000d58   0x08000d58   0x00000008   Code   RO          821    .text.HAL_NVIC_SetPriority  stm32l0xx_hal_cortex.o
    0x08000d60   0x08000d60   0x00000158   Code   RO          582    .text.HAL_RCCEx_PeriphCLKConfig  stm32l0xx_hal_rcc_ex.o
    0x08000eb8   0x08000eb8   0x00000190   Code   RO          554    .text.HAL_RCC_ClockConfig  stm32l0xx_hal_rcc.o
    0x08001048   0x08001048   0x000000d0   Code   RO          548    .text.HAL_RCC_DeInit  stm32l0xx_hal_rcc.o
    0x08001118   0x08001118   0x00000014   Code   RO          562    .text.HAL_RCC_GetPCLK1Freq  stm32l0xx_hal_rcc.o
    0x0800112c   0x0800112c   0x00000020   Code   RO          564    .text.HAL_RCC_GetPCLK2Freq  stm32l0xx_hal_rcc.o
    0x0800114c   0x0800114c   0x00000070   Code   RO          552    .text.HAL_RCC_GetSysClockFreq  stm32l0xx_hal_rcc.o
    0x080011bc   0x080011bc   0x00000484   Code   RO          550    .text.HAL_RCC_OscConfig  stm32l0xx_hal_rcc.o
    0x08001640   0x08001640   0x0000000a   Code   RO          260    .text.HAL_RTCEx_BKUPRead  stm32l0xx_hal_rtc_ex.o
    0x0800164a   0x0800164a   0x0000000a   Code   RO          258    .text.HAL_RTCEx_BKUPWrite  stm32l0xx_hal_rtc_ex.o
    0x08001654   0x08001654   0x000000a0   Code   RO          156    .text.HAL_RTC_Init  stm32l0xx_hal_rtc.o
    0x080016f4   0x080016f4   0x00000020   Code   RO           77    .text.HAL_RTC_MspInit  rtc.o
    0x08001714   0x08001714   0x00000034   Code   RO          194    .text.HAL_RTC_WaitForSynchro  stm32l0xx_hal_rtc.o
    0x08001748   0x08001748   0x00000034   Code   RO          833    .text.HAL_SYSTICK_Config  stm32l0xx_hal_cortex.o
    0x0800177c   0x0800177c   0x0000004c   Code   RO         1128    .text.HAL_TIMEx_MasterConfigSynchronization  stm32l0xx_hal_tim_ex.o
    0x080017c8   0x080017c8   0x0000003e   Code   RO          889    .text.HAL_TIM_Base_Init  stm32l0xx_hal_tim.o
    0x08001806   0x08001806   0x00000002   PAD
    0x08001808   0x08001808   0x00000020   Code   RO           92    .text.HAL_TIM_Base_MspInit  tim.o
    0x08001828   0x08001828   0x00000050   Code   RO          899    .text.HAL_TIM_Base_Start  stm32l0xx_hal_tim.o
    0x08001878   0x08001878   0x00000020   Code   RO          901    .text.HAL_TIM_Base_Stop  stm32l0xx_hal_tim.o
    0x08001898   0x08001898   0x0000006c   Code   RO         1299    .text.HAL_UARTEx_ReceiveToIdle_DMA  stm32l0xx_hal_uart_ex.o
    0x08001904   0x08001904   0x00000168   Code   RO          133    .text.HAL_UARTEx_RxEventCallback  stm32l0xx_it.o
    0x08001a6c   0x08001a6c   0x00000002   Code   RO         1281    .text.HAL_UARTEx_WakeupCallback  stm32l0xx_hal_uart_ex.o
    0x08001a6e   0x08001a6e   0x00000002   PAD
    0x08001a70   0x08001a70   0x00000020   Code   RO          137    .text.HAL_UART_ErrorCallback  stm32l0xx_it.o
    0x08001a90   0x08001a90   0x000002ac   Code   RO         1224    .text.HAL_UART_IRQHandler  stm32l0xx_hal_uart.o
    0x08001d3c   0x08001d3c   0x0000006a   Code   RO         1140    .text.HAL_UART_Init  stm32l0xx_hal_uart.o
    0x08001da6   0x08001da6   0x00000002   PAD
    0x08001da8   0x08001da8   0x00000090   Code   RO          107    .text.HAL_UART_MspInit  usart.o
    0x08001e38   0x08001e38   0x00000002   Code   RO         1236    .text.HAL_UART_RxCpltCallback  stm32l0xx_hal_uart.o
    0x08001e3a   0x08001e3a   0x00000002   Code   RO         1238    .text.HAL_UART_RxHalfCpltCallback  stm32l0xx_hal_uart.o
    0x08001e3c   0x08001e3c   0x000000d0   Code   RO         1160    .text.HAL_UART_Transmit  stm32l0xx_hal_uart.o
    0x08001f0c   0x08001f0c   0x00000002   Code   RO         1232    .text.HAL_UART_TxCpltCallback  stm32l0xx_hal_uart.o
    0x08001f0e   0x08001f0e   0x00000002   Code   RO          123    .text.HardFault_Handler  stm32l0xx_it.o
    0x08001f10   0x08001f10   0x00000070   Code   RO           29    .text.IAP_Bootloader_FlashProgram  iap_bootloader.o
    0x08001f80   0x08001f80   0x0000001c   Code   RO           67    .text.MX_DMA_Init   dma.o
    0x08001f9c   0x08001f9c   0x0000002c   Code   RO           59    .text.MX_GPIO_Init  gpio.o
    0x08001fc8   0x08001fc8   0x00000034   Code   RO           75    .text.MX_RTC_Init   rtc.o
    0x08001ffc   0x08001ffc   0x00000048   Code   RO           90    .text.MX_TIM6_Init  tim.o
    0x08002044   0x08002044   0x00000038   Code   RO          105    .text.MX_USART1_UART_Init  usart.o
    0x0800207c   0x0800207c   0x00000002   Code   RO          121    .text.NMI_Handler   stm32l0xx_it.o
    0x0800207e   0x0800207e   0x00000002   Code   RO          127    .text.PendSV_Handler  stm32l0xx_it.o
    0x08002080   0x08002080   0x0000005c   Code   RO          160    .text.RTC_EnterInitMode  stm32l0xx_hal_rtc.o
    0x080020dc   0x080020dc   0x0000002c   Code   RO          162    .text.RTC_ExitInitMode  stm32l0xx_hal_rtc.o
    0x08002108   0x08002108   0x00000002   Code   RO          125    .text.SVC_Handler   stm32l0xx_it.o
    0x0800210a   0x0800210a   0x00000008   Code   RO          129    .text.SysTick_Handler  stm32l0xx_it.o
    0x08002112   0x08002112   0x00000002   PAD
    0x08002114   0x08002114   0x00000094   Code   RO           44    .text.SystemClock_Config  main.o
    0x080021a8   0x080021a8   0x00000002   Code   RO         1311    .text.SystemInit    system_stm32l0xx.o
    0x080021aa   0x080021aa   0x00000002   PAD
    0x080021ac   0x080021ac   0x00000060   Code   RO          893    .text.TIM_Base_SetConfig  stm32l0xx_hal_tim.o
    0x0800220c   0x0800220c   0x000000b8   Code   RO         1146    .text.UART_AdvFeatureConfig  stm32l0xx_hal_uart.o
    0x080022c4   0x080022c4   0x000000b8   Code   RO         1148    .text.UART_CheckIdleState  stm32l0xx_hal_uart.o
    0x0800237c   0x0800237c   0x00000016   Code   RO         1226    .text.UART_DMAAbortOnError  stm32l0xx_hal_uart.o
    0x08002392   0x08002392   0x00000050   Code   RO         1182    .text.UART_DMAError  stm32l0xx_hal_uart.o
    0x080023e2   0x080023e2   0x00000090   Code   RO         1266    .text.UART_DMAReceiveCplt  stm32l0xx_hal_uart.o
    0x08002472   0x08002472   0x00000020   Code   RO         1268    .text.UART_DMARxHalfCplt  stm32l0xx_hal_uart.o
    0x08002492   0x08002492   0x0000005a   Code   RO         1196    .text.UART_EndRxTransfer  stm32l0xx_hal_uart.o
    0x080024ec   0x080024ec   0x00000020   Code   RO         1194    .text.UART_EndTxTransfer  stm32l0xx_hal_uart.o
    0x0800250c   0x0800250c   0x000001e8   Code   RO         1144    .text.UART_SetConfig  stm32l0xx_hal_uart.o
    0x080026f4   0x080026f4   0x000000a0   Code   RO         1186    .text.UART_Start_Receive_DMA  stm32l0xx_hal_uart.o
    0x08002794   0x08002794   0x00000084   Code   RO         1162    .text.UART_WaitOnFlagUntilTimeout  stm32l0xx_hal_uart.o
    0x08002818   0x08002818   0x0000000c   Code   RO          131    .text.USART1_IRQHandler  stm32l0xx_it.o
    0x08002824   0x08002824   0x00000040   Code   RO          823    .text.__NVIC_SetPriority  stm32l0xx_hal_cortex.o
    0x08002864   0x08002864   0x0000001c   Code   RO          135    .text.__NVIC_SystemReset  stm32l0xx_it.o
    0x08002880   0x08002880   0x00000018   Code   RO           40    .text.fputc         main.o
    0x08002898   0x08002898   0x00000110   Code   RO           27    .text.iap_load_app  iap_bootloader.o
    0x080029a8   0x080029a8   0x000000f8   Code   RO           42    .text.main          main.o
    0x08002aa0   0x08002aa0   0x00000020   Code   RO         1574    i.__0printf         mc_p.l(printfa.o)
    0x08002ac0   0x08002ac0   0x0000002e   Code   RO         1636    i.__ARM_clz         mf_p.l(depilogue.o)
    0x08002aee   0x08002aee   0x0000000e   Code   RO         1652    i.__scatterload_copy  mc_p.l(handlers.o)
    0x08002afc   0x08002afc   0x00000002   Code   RO         1653    i.__scatterload_null  mc_p.l(handlers.o)
    0x08002afe   0x08002afe   0x0000000e   Code   RO         1654    i.__scatterload_zeroinit  mc_p.l(handlers.o)
    0x08002b0c   0x08002b0c   0x00000174   Code   RO         1581    i._fp_digits        mc_p.l(printfa.o)
    0x08002c80   0x08002c80   0x000006ec   Code   RO         1582    i._printf_core      mc_p.l(printfa.o)
    0x0800336c   0x0800336c   0x00000020   Code   RO         1583    i._printf_post_padding  mc_p.l(printfa.o)
    0x0800338c   0x0800338c   0x0000002c   Code   RO         1584    i._printf_pre_padding  mc_p.l(printfa.o)
    0x080033b8   0x080033b8   0x00000020   Code   RO         1329    i.puts              mc_p.l(puts.o)
    0x080033d8   0x080033d8   0x00000010   Data   RO         1316    .rodata.AHBPrescTable  system_stm32l0xx.o
    0x080033e8   0x080033e8   0x00000008   Data   RO         1317    .rodata.APBPrescTable  system_stm32l0xx.o
    0x080033f0   0x080033f0   0x00000009   Data   RO         1318    .rodata.PLLMulTable  system_stm32l0xx.o
    0x080033f9   0x080033f9   0x00000003   PAD
    0x080033fc   0x080033fc   0x00000010   Data   RO         1270    .rodata.cst16       stm32l0xx_hal_uart.o
    0x0800340c   0x0800340c   0x00000064   Data   RO           49    .rodata.str1.1      main.o
    0x08003470   0x08003470   0x0000009f   Data   RO          139    .rodata.str1.1      stm32l0xx_it.o
    0x0800350f   0x0800350f   0x00000001   PAD
    0x08003510   0x08003510   0x00000020   Data   RO         1651    Region$$Table       anon$$obj.o


    Execution Region RW_IRAM1 (Exec base: 0x20000000, Load base: 0x08003530, Size: 0x00001ff8, Max: 0x00002000, ABSOLUTE)

    Exec Addr    Load Addr    Size         Type   Attr      Idx    E Section Name        Object

    0x20000000   0x08003530   0x00000004   Data   RW         1620    .data               mc_p.l(stdout.o)
    0x20000004   0x08003534   0x00000008   Data   RW          353    .data..L_MergedGlobals  stm32l0xx_hal.o
    0x2000000c   0x0800353c   0x00000004   Data   RW         1315    .data.SystemCoreClock  system_stm32l0xx.o
    0x20000010        -       0x00000008   Zero   RW           31    .bss..L_MergedGlobals  iap_bootloader.o
    0x20000018        -       0x00000048   Zero   RW          112    .bss.hdma_usart1_rx  usart.o
    0x20000060        -       0x00000024   Zero   RW           81    .bss.hrtc           rtc.o
    0x20000084        -       0x00000040   Zero   RW           96    .bss.htim6          tim.o
    0x200000c4        -       0x00000088   Zero   RW          111    .bss.huart1         usart.o
    0x2000014c        -       0x00000018   Zero   RW          650    .bss.pFlash         stm32l0xx_hal_flash.o
    0x20000164        -       0x00001a90   Zero   RW           48    .bss.uart1RxBuff    main.o
    0x20001bf4        -       0x00000004   Zero   RW          352    .bss.uwTick         stm32l0xx_hal.o
    0x20001bf8        -       0x00000400   Zero   RW            1    STACK               startup_stm32l051xx.o


==============================================================================

Image component sizes


      Code (inc. data)   RO Data    RW Data    ZI Data      Debug   Object Name

        28          4          0          0          0       1119   dma.o
       112         52          0          0          0       1992   flash.o
        44          4          0          0          0       1147   gpio.o
       384        176          0          0          8       2516   iap_bootloader.o
       440        168        100          0       6800       3309   main.o
        84         16          0          0         36       2814   rtc.o
        28          8        192          0       1024        616   startup_stm32l051xx.o
       128          8          0          8          4       6706   stm32l0xx_hal.o
       148         24          0          0          0       6679   stm32l0xx_hal_cortex.o
       432         16          0          0          0       7239   stm32l0xx_hal_dma.o
       452         32          0          0         24       4867   stm32l0xx_hal_flash.o
       148          0          0          0          0       9046   stm32l0xx_hal_flash_ex.o
       372         12          0          0          0       5164   stm32l0xx_hal_gpio.o
        24          4          0          0          0       1090   stm32l0xx_hal_msp.o
      1928         96          0          0          0       8276   stm32l0xx_hal_rcc.o
       344          4          0          0          0       4520   stm32l0xx_hal_rcc_ex.o
       348         16          0          0          0      13058   stm32l0xx_hal_rtc.o
        20          0          0          0          0      14019   stm32l0xx_hal_rtc_ex.o
       270         20          0          0          0      44763   stm32l0xx_hal_tim.o
        76          0          0          0          0       4351   stm32l0xx_hal_tim_ex.o
      2552        122         16          0          0      37460   stm32l0xx_hal_uart.o
       110          0          0          0          0       9677   stm32l0xx_hal_uart_ex.o
       448        212        159          0          0       5474   stm32l0xx_it.o
         2          0         33          4          0       2082   system_stm32l0xx.o
       104         24          0          0         64       4491   tim.o
       200         16          0          0        208       5511   usart.o

    ----------------------------------------------------------------------
      9238       1034        536         12       8168     207986   Object Totals
         0          0         32          0          0          0   (incl. Generated)
        12          0          4          0          0          0   (incl. Padding)

    ----------------------------------------------------------------------

      Code (inc. data)   RO Data    RW Data    ZI Data      Debug   Library Member Name

         0          0          0          0          0          0   entry.o
         0          0          0          0          0          0   entry10a.o
         0          0          0          0          0          0   entry11a.o
         8          4          0          0          0          0   entry2.o
         4          0          0          0          0          0   entry5.o
         0          0          0          0          0          0   entry7b.o
         0          0          0          0          0          0   entry8b.o
         8          4          0          0          0          0   entry9a.o
        30          0          0          0          0          0   handlers.o
        36          8          0          0          0         68   init.o
         0          0          0          0          0          0   iusefp.o
        32          0          0          0          0         68   llshl.o
        38          0          0          0          0         68   llsshr.o
        34          0          0          0          0         68   llushr.o
        36          0          0          0          0        100   memseta.o
      2252         98          0          0          0        412   printfa.o
        32          4          0          0          0         68   puts.o
         0          0          0          4          0          0   stdout.o
        62          0          0          0          0         72   uidiv_div0.o
        96          0          0          0          0         84   uldiv.o
        40          2          0          0          0         68   cdrcmple.o
       356          4          0          0          0        140   dadd.o
       240          6          0          0          0         84   ddiv.o
       236          0          0          0          0        216   depilogue.o
        64         10          0          0          0         68   dfixul.o
        28          4          0          0          0         68   dfltui.o
       208          6          0          0          0         88   dmul.o

    ----------------------------------------------------------------------
      3842        150          0          4          0       1740   Library Totals
         2          0          0          0          0          0   (incl. Padding)

    ----------------------------------------------------------------------

      Code (inc. data)   RO Data    RW Data    ZI Data      Debug   Library Name

      2668        118          0          4          0       1008   mc_p.l
      1172         32          0          0          0        732   mf_p.l

    ----------------------------------------------------------------------
      3842        150          0          4          0       1740   Library Totals

    ----------------------------------------------------------------------

==============================================================================


      Code (inc. data)   RO Data    RW Data    ZI Data      Debug   

     13080       1184        536         16       8168     208554   Grand Totals
     13080       1184        536         16       8168     208554   ELF Image Totals
     13080       1184        536         16          0          0   ROM Totals

==============================================================================

    Total RO  Size (Code + RO Data)                13616 (  13.30kB)
    Total RW  Size (RW Data + ZI Data)              8184 (   7.99kB)
    Total ROM Size (Code + RO Data + RW Data)      13632 (  13.31kB)

==============================================================================

